// Vitest Snapshot v1, https://vitest.dev/guide/snapshot.html

exports[`Table.FixedColumn > fixed column renders correctly RTL 1`] = `
<div
  class="rc-table rc-table-rtl rc-table-fix-start-shadow rc-table-fix-end-shadow rc-table-fixed-column rc-table-scroll-horizontal rc-table-has-fix-start rc-table-has-fix-end"
>
  <div
    class="rc-table-container"
  >
    <div
      class="rc-table-content"
      style="overflow-x: auto; overflow-y: hidden;"
    >
      <table
        style="width: 1px; min-width: 100%; table-layout: fixed;"
      >
        <colgroup>
          <col
            style="width: 100px;"
          />
          <col
            style="width: 100px;"
          />
          <col />
          <col />
          <col />
          <col />
          <col />
          <col />
          <col />
          <col />
          <col />
          <col
            style="width: 100px;"
          />
        </colgroup>
        <thead
          class="rc-table-thead"
        >
          <tr>
            <th
              class="rc-table-cell rc-table-cell-fix rc-table-cell-fix-start rc-table-cell-fix-sticky"
              scope="col"
              style="inset-inline-start: 0; --z-offset: 24; --z-offset-reverse: 12;"
            >
              title1
            </th>
            <th
              class="rc-table-cell rc-table-cell-fix rc-table-cell-fix-start rc-table-cell-fix-start-shadow rc-table-cell-ellipsis rc-table-cell-fix-sticky"
              scope="col"
              style="inset-inline-start: 1000px; --z-offset: 23; --z-offset-reverse: 13;"
              title="title2"
            >
              <span
                class="rc-table-cell-content"
              >
                title2
              </span>
            </th>
            <th
              class="rc-table-cell"
              scope="col"
            >
              title3
            </th>
            <th
              class="rc-table-cell"
              scope="col"
            >
              title4
            </th>
            <th
              class="rc-table-cell"
              scope="col"
            >
              title5
            </th>
            <th
              class="rc-table-cell"
              scope="col"
            >
              title6
            </th>
            <th
              class="rc-table-cell"
              scope="col"
            >
              title7
            </th>
            <th
              class="rc-table-cell"
              scope="col"
            >
              title8
            </th>
            <th
              class="rc-table-cell"
              scope="col"
            >
              title9
            </th>
            <th
              class="rc-table-cell"
              scope="col"
            >
              title10
            </th>
            <th
              class="rc-table-cell"
              scope="col"
            >
              title11
            </th>
            <th
              class="rc-table-cell rc-table-cell-fix rc-table-cell-fix-end rc-table-cell-fix-end-shadow rc-table-cell-fix-sticky"
              scope="col"
              style="inset-inline-end: 0; --z-offset: 11; --z-offset-reverse: 1;"
            >
              title12
            </th>
          </tr>
        </thead>
        <tbody
          class="rc-table-tbody"
        >
          <tr
            aria-hidden="true"
            class="rc-table-measure-row"
            style="height: 0px; font-size: 0px;"
          >
            <td
              style="padding: 0px; border: 0px; height: 0px;"
            >
              <div
                style="height: 0px; overflow: hidden;"
              >
                 
              </div>
            </td>
            <td
              style="padding: 0px; border: 0px; height: 0px;"
            >
              <div
                style="height: 0px; overflow: hidden;"
              >
                 
              </div>
            </td>
            <td
              style="padding: 0px; border: 0px; height: 0px;"
            >
              <div
                style="height: 0px; overflow: hidden;"
              >
                 
              </div>
            </td>
            <td
              style="padding: 0px; border: 0px; height: 0px;"
            >
              <div
                style="height: 0px; overflow: hidden;"
              >
                 
              </div>
            </td>
            <td
              style="padding: 0px; border: 0px; height: 0px;"
            >
              <div
                style="height: 0px; overflow: hidden;"
              >
                 
              </div>
            </td>
            <td
              style="padding: 0px; border: 0px; height: 0px;"
            >
              <div
                style="height: 0px; overflow: hidden;"
              >
                 
              </div>
            </td>
            <td
              style="padding: 0px; border: 0px; height: 0px;"
            >
              <div
                style="height: 0px; overflow: hidden;"
              >
                 
              </div>
            </td>
            <td
              style="padding: 0px; border: 0px; height: 0px;"
            >
              <div
                style="height: 0px; overflow: hidden;"
              >
                 
              </div>
            </td>
            <td
              style="padding: 0px; border: 0px; height: 0px;"
            >
              <div
                style="height: 0px; overflow: hidden;"
              >
                 
              </div>
            </td>
            <td
              style="padding: 0px; border: 0px; height: 0px;"
            >
              <div
                style="height: 0px; overflow: hidden;"
              >
                 
              </div>
            </td>
            <td
              style="padding: 0px; border: 0px; height: 0px;"
            >
              <div
                style="height: 0px; overflow: hidden;"
              >
                 
              </div>
            </td>
            <td
              style="padding: 0px; border: 0px; height: 0px;"
            >
              <div
                style="height: 0px; overflow: hidden;"
              >
                 
              </div>
            </td>
          </tr>
          <tr
            class="rc-table-row rc-table-row-level-0"
            data-row-key="1"
          >
            <td
              class="rc-table-cell rc-table-cell-fix rc-table-cell-fix-start rc-table-cell-fix-sticky"
              style="inset-inline-start: 0; --z-offset: 24; --z-offset-reverse: 12;"
            >
              123
            </td>
            <td
              class="rc-table-cell rc-table-cell-fix rc-table-cell-fix-start rc-table-cell-fix-start-shadow rc-table-cell-ellipsis rc-table-cell-fix-sticky"
              style="inset-inline-start: 1000px; --z-offset: 23; --z-offset-reverse: 13;"
              title="1111"
            >
              <span
                class="rc-table-cell-content"
              >
                <span>
                  1111
                </span>
              </span>
            </td>
            <td
              class="rc-table-cell"
            />
            <td
              class="rc-table-cell"
            >
              xxxxxxxx
            </td>
            <td
              class="rc-table-cell"
            >
              xxxxxxxx
            </td>
            <td
              class="rc-table-cell"
            >
              xxxxxxxx
            </td>
            <td
              class="rc-table-cell"
            >
              xxxxxxxx
            </td>
            <td
              class="rc-table-cell"
            >
              xxxxxxxx
            </td>
            <td
              class="rc-table-cell"
            >
              xxxxxxxx
            </td>
            <td
              class="rc-table-cell"
            >
              xxxxxxxx
            </td>
            <td
              class="rc-table-cell"
            >
              xxxxxxxx
            </td>
            <td
              class="rc-table-cell rc-table-cell-fix rc-table-cell-fix-end rc-table-cell-fix-end-shadow rc-table-cell-fix-sticky"
              style="inset-inline-end: 0; --z-offset: 11; --z-offset-reverse: 1;"
            >
              xxxxxxxx
            </td>
          </tr>
          <tr
            class="rc-table-row rc-table-row-level-0"
            data-row-key="2"
          >
            <td
              class="rc-table-cell rc-table-cell-fix rc-table-cell-fix-start rc-table-cell-fix-sticky"
              style="inset-inline-start: 0; --z-offset: 24; --z-offset-reverse: 12;"
            >
              cdd
            </td>
            <td
              class="rc-table-cell rc-table-cell-fix rc-table-cell-fix-start rc-table-cell-fix-start-shadow rc-table-cell-ellipsis rc-table-cell-fix-sticky"
              style="inset-inline-start: 1000px; --z-offset: 23; --z-offset-reverse: 13;"
              title="1111"
            >
              <span
                class="rc-table-cell-content"
              >
                <span>
                  1111
                </span>
              </span>
            </td>
            <td
              class="rc-table-cell"
            />
            <td
              class="rc-table-cell"
            >
              edd12221
            </td>
            <td
              class="rc-table-cell"
            >
              edd12221
            </td>
            <td
              class="rc-table-cell"
            >
              edd12221
            </td>
            <td
              class="rc-table-cell"
            >
              edd12221
            </td>
            <td
              class="rc-table-cell"
            >
              edd12221
            </td>
            <td
              class="rc-table-cell"
            >
              edd12221
            </td>
            <td
              class="rc-table-cell"
            >
              edd12221
            </td>
            <td
              class="rc-table-cell"
            >
              edd12221
            </td>
            <td
              class="rc-table-cell rc-table-cell-fix rc-table-cell-fix-end rc-table-cell-fix-end-shadow rc-table-cell-fix-sticky"
              style="inset-inline-end: 0; --z-offset: 11; --z-offset-reverse: 1;"
            >
              edd12221
            </td>
          </tr>
          <tr
            class="rc-table-row rc-table-row-level-0"
            data-row-key="3"
          >
            <td
              class="rc-table-cell rc-table-cell-fix rc-table-cell-fix-start rc-table-cell-fix-sticky"
              style="inset-inline-start: 0; --z-offset: 24; --z-offset-reverse: 12;"
            >
              133
            </td>
            <td
              class="rc-table-cell rc-table-cell-fix rc-table-cell-fix-start rc-table-cell-fix-start-shadow rc-table-cell-ellipsis rc-table-cell-fix-sticky"
              style="inset-inline-start: 1000px; --z-offset: 23; --z-offset-reverse: 13;"
              title="1111"
            >
              <span
                class="rc-table-cell-content"
              >
                <span>
                  1111
                </span>
              </span>
            </td>
            <td
              class="rc-table-cell"
            >
              edd12221
            </td>
            <td
              class="rc-table-cell"
            />
            <td
              class="rc-table-cell"
            />
            <td
              class="rc-table-cell"
            />
            <td
              class="rc-table-cell"
            />
            <td
              class="rc-table-cell"
            />
            <td
              class="rc-table-cell"
            />
            <td
              class="rc-table-cell"
            />
            <td
              class="rc-table-cell"
            />
            <td
              class="rc-table-cell rc-table-cell-fix rc-table-cell-fix-end rc-table-cell-fix-end-shadow rc-table-cell-fix-sticky"
              style="inset-inline-end: 0; --z-offset: 11; --z-offset-reverse: 1;"
            />
          </tr>
          <tr
            class="rc-table-row rc-table-row-level-0"
            data-row-key="4"
          >
            <td
              class="rc-table-cell rc-table-cell-fix rc-table-cell-fix-start rc-table-cell-fix-sticky"
              style="inset-inline-start: 0; --z-offset: 24; --z-offset-reverse: 12;"
            >
              133
            </td>
            <td
              class="rc-table-cell rc-table-cell-fix rc-table-cell-fix-start rc-table-cell-fix-start-shadow rc-table-cell-ellipsis rc-table-cell-fix-sticky"
              style="inset-inline-start: 1000px; --z-offset: 23; --z-offset-reverse: 13;"
              title="1111"
            >
              <span
                class="rc-table-cell-content"
              >
                <span>
                  1111
                </span>
              </span>
            </td>
            <td
              class="rc-table-cell"
            >
              edd12221
            </td>
            <td
              class="rc-table-cell"
            />
            <td
              class="rc-table-cell"
            />
            <td
              class="rc-table-cell"
            />
            <td
              class="rc-table-cell"
            />
            <td
              class="rc-table-cell"
            />
            <td
              class="rc-table-cell"
            />
            <td
              class="rc-table-cell"
            />
            <td
              class="rc-table-cell"
            />
            <td
              class="rc-table-cell rc-table-cell-fix rc-table-cell-fix-end rc-table-cell-fix-end-shadow rc-table-cell-fix-sticky"
              style="inset-inline-end: 0; --z-offset: 11; --z-offset-reverse: 1;"
            />
          </tr>
          <tr
            class="rc-table-row rc-table-row-level-0"
            data-row-key="5"
          >
            <td
              class="rc-table-cell rc-table-cell-fix rc-table-cell-fix-start rc-table-cell-fix-sticky"
              style="inset-inline-start: 0; --z-offset: 24; --z-offset-reverse: 12;"
            >
              133
            </td>
            <td
              class="rc-table-cell rc-table-cell-fix rc-table-cell-fix-start rc-table-cell-fix-start-shadow rc-table-cell-ellipsis rc-table-cell-fix-sticky"
              style="inset-inline-start: 1000px; --z-offset: 23; --z-offset-reverse: 13;"
              title="1111"
            >
              <span
                class="rc-table-cell-content"
              >
                <span>
                  1111
                </span>
              </span>
            </td>
            <td
              class="rc-table-cell"
            >
              edd12221
            </td>
            <td
              class="rc-table-cell"
            />
            <td
              class="rc-table-cell"
            />
            <td
              class="rc-table-cell"
            />
            <td
              class="rc-table-cell"
            />
            <td
              class="rc-table-cell"
            />
            <td
              class="rc-table-cell"
            />
            <td
              class="rc-table-cell"
            />
            <td
              class="rc-table-cell"
            />
            <td
              class="rc-table-cell rc-table-cell-fix rc-table-cell-fix-end rc-table-cell-fix-end-shadow rc-table-cell-fix-sticky"
              style="inset-inline-end: 0; --z-offset: 11; --z-offset-reverse: 1;"
            />
          </tr>
          <tr
            class="rc-table-row rc-table-row-level-0"
            data-row-key="6"
          >
            <td
              class="rc-table-cell rc-table-cell-fix rc-table-cell-fix-start rc-table-cell-fix-sticky"
              style="inset-inline-start: 0; --z-offset: 24; --z-offset-reverse: 12;"
            >
              133
            </td>
            <td
              class="rc-table-cell rc-table-cell-fix rc-table-cell-fix-start rc-table-cell-fix-start-shadow rc-table-cell-ellipsis rc-table-cell-fix-sticky"
              style="inset-inline-start: 1000px; --z-offset: 23; --z-offset-reverse: 13;"
              title="1111"
            >
              <span
                class="rc-table-cell-content"
              >
                <span>
                  1111
                </span>
              </span>
            </td>
            <td
              class="rc-table-cell"
            >
              edd12221
            </td>
            <td
              class="rc-table-cell"
            />
            <td
              class="rc-table-cell"
            />
            <td
              class="rc-table-cell"
            />
            <td
              class="rc-table-cell"
            />
            <td
              class="rc-table-cell"
            />
            <td
              class="rc-table-cell"
            />
            <td
              class="rc-table-cell"
            />
            <td
              class="rc-table-cell"
            />
            <td
              class="rc-table-cell rc-table-cell-fix rc-table-cell-fix-end rc-table-cell-fix-end-shadow rc-table-cell-fix-sticky"
              style="inset-inline-end: 0; --z-offset: 11; --z-offset-reverse: 1;"
            />
          </tr>
          <tr
            class="rc-table-row rc-table-row-level-0"
            data-row-key="7"
          >
            <td
              class="rc-table-cell rc-table-cell-fix rc-table-cell-fix-start rc-table-cell-fix-sticky"
              style="inset-inline-start: 0; --z-offset: 24; --z-offset-reverse: 12;"
            >
              133
            </td>
            <td
              class="rc-table-cell rc-table-cell-fix rc-table-cell-fix-start rc-table-cell-fix-start-shadow rc-table-cell-ellipsis rc-table-cell-fix-sticky"
              style="inset-inline-start: 1000px; --z-offset: 23; --z-offset-reverse: 13;"
              title="1111"
            >
              <span
                class="rc-table-cell-content"
              >
                <span>
                  1111
                </span>
              </span>
            </td>
            <td
              class="rc-table-cell"
            >
              edd12221
            </td>
            <td
              class="rc-table-cell"
            />
            <td
              class="rc-table-cell"
            />
            <td
              class="rc-table-cell"
            />
            <td
              class="rc-table-cell"
            />
            <td
              class="rc-table-cell"
            />
            <td
              class="rc-table-cell"
            />
            <td
              class="rc-table-cell"
            />
            <td
              class="rc-table-cell"
            />
            <td
              class="rc-table-cell rc-table-cell-fix rc-table-cell-fix-end rc-table-cell-fix-end-shadow rc-table-cell-fix-sticky"
              style="inset-inline-end: 0; --z-offset: 11; --z-offset-reverse: 1;"
            />
          </tr>
          <tr
            class="rc-table-row rc-table-row-level-0"
            data-row-key="8"
          >
            <td
              class="rc-table-cell rc-table-cell-fix rc-table-cell-fix-start rc-table-cell-fix-sticky"
              style="inset-inline-start: 0; --z-offset: 24; --z-offset-reverse: 12;"
            >
              133
            </td>
            <td
              class="rc-table-cell rc-table-cell-fix rc-table-cell-fix-start rc-table-cell-fix-start-shadow rc-table-cell-ellipsis rc-table-cell-fix-sticky"
              style="inset-inline-start: 1000px; --z-offset: 23; --z-offset-reverse: 13;"
              title="1111"
            >
              <span
                class="rc-table-cell-content"
              >
                <span>
                  1111
                </span>
              </span>
            </td>
            <td
              class="rc-table-cell"
            >
              edd12221
            </td>
            <td
              class="rc-table-cell"
            />
            <td
              class="rc-table-cell"
            />
            <td
              class="rc-table-cell"
            />
            <td
              class="rc-table-cell"
            />
            <td
              class="rc-table-cell"
            />
            <td
              class="rc-table-cell"
            />
            <td
              class="rc-table-cell"
            />
            <td
              class="rc-table-cell"
            />
            <td
              class="rc-table-cell rc-table-cell-fix rc-table-cell-fix-end rc-table-cell-fix-end-shadow rc-table-cell-fix-sticky"
              style="inset-inline-end: 0; --z-offset: 11; --z-offset-reverse: 1;"
            />
          </tr>
          <tr
            class="rc-table-row rc-table-row-level-0"
            data-row-key="9"
          >
            <td
              class="rc-table-cell rc-table-cell-fix rc-table-cell-fix-start rc-table-cell-fix-sticky"
              style="inset-inline-start: 0; --z-offset: 24; --z-offset-reverse: 12;"
            >
              133
            </td>
            <td
              class="rc-table-cell rc-table-cell-fix rc-table-cell-fix-start rc-table-cell-fix-start-shadow rc-table-cell-ellipsis rc-table-cell-fix-sticky"
              style="inset-inline-start: 1000px; --z-offset: 23; --z-offset-reverse: 13;"
              title="1111"
            >
              <span
                class="rc-table-cell-content"
              >
                <span>
                  1111
                </span>
              </span>
            </td>
            <td
              class="rc-table-cell"
            >
              edd12221
            </td>
            <td
              class="rc-table-cell"
            />
            <td
              class="rc-table-cell"
            />
            <td
              class="rc-table-cell"
            />
            <td
              class="rc-table-cell"
            />
            <td
              class="rc-table-cell"
            />
            <td
              class="rc-table-cell"
            />
            <td
              class="rc-table-cell"
            />
            <td
              class="rc-table-cell"
            />
            <td
              class="rc-table-cell rc-table-cell-fix rc-table-cell-fix-end rc-table-cell-fix-end-shadow rc-table-cell-fix-sticky"
              style="inset-inline-end: 0; --z-offset: 11; --z-offset-reverse: 1;"
            />
          </tr>
        </tbody>
      </table>
    </div>
  </div>
</div>
`;

exports[`Table.FixedColumn > renders correctly > all column has width should use it 1`] = `"<colgroup><col style="width: 100px;"><col style="width: 100px;"></colgroup>"`;

exports[`Table.FixedColumn > renders correctly > scrollX - with data 1`] = `
<div
  class="rc-table rc-table-fix-start-shadow rc-table-fix-end-shadow rc-table-fixed-column rc-table-scroll-horizontal rc-table-has-fix-start rc-table-has-fix-end"
>
  <div
    class="rc-table-container"
  >
    <div
      class="rc-table-content"
      style="overflow-x: auto; overflow-y: hidden;"
    >
      <table
        style="width: 1200px; min-width: 100%; table-layout: fixed;"
      >
        <colgroup>
          <col
            style="width: 100px;"
          />
          <col
            style="width: 100px;"
          />
          <col />
          <col />
          <col />
          <col />
          <col />
          <col />
          <col />
          <col />
          <col />
          <col
            style="width: 100px;"
          />
        </colgroup>
        <thead
          class="rc-table-thead"
        >
          <tr>
            <th
              class="rc-table-cell rc-table-cell-fix rc-table-cell-fix-start rc-table-cell-fix-sticky"
              scope="col"
              style="inset-inline-start: 0; --z-offset: 24; --z-offset-reverse: 12;"
            >
              title1
            </th>
            <th
              class="rc-table-cell rc-table-cell-fix rc-table-cell-fix-start rc-table-cell-fix-start-shadow rc-table-cell-ellipsis rc-table-cell-fix-sticky"
              scope="col"
              style="inset-inline-start: 1000px; --z-offset: 23; --z-offset-reverse: 13;"
              title="title2"
            >
              <span
                class="rc-table-cell-content"
              >
                title2
              </span>
            </th>
            <th
              class="rc-table-cell"
              scope="col"
            >
              title3
            </th>
            <th
              class="rc-table-cell"
              scope="col"
            >
              title4
            </th>
            <th
              class="rc-table-cell"
              scope="col"
            >
              title5
            </th>
            <th
              class="rc-table-cell"
              scope="col"
            >
              title6
            </th>
            <th
              class="rc-table-cell"
              scope="col"
            >
              title7
            </th>
            <th
              class="rc-table-cell"
              scope="col"
            >
              title8
            </th>
            <th
              class="rc-table-cell"
              scope="col"
            >
              title9
            </th>
            <th
              class="rc-table-cell"
              scope="col"
            >
              title10
            </th>
            <th
              class="rc-table-cell"
              scope="col"
            >
              title11
            </th>
            <th
              class="rc-table-cell rc-table-cell-fix rc-table-cell-fix-end rc-table-cell-fix-end-shadow rc-table-cell-fix-sticky"
              scope="col"
              style="inset-inline-end: 0; --z-offset: 11; --z-offset-reverse: 1;"
            >
              title12
            </th>
          </tr>
        </thead>
        <tbody
          class="rc-table-tbody"
        >
          <tr
            aria-hidden="true"
            class="rc-table-measure-row"
            style="height: 0px; font-size: 0px;"
          >
            <td
              style="padding: 0px; border: 0px; height: 0px;"
            >
              <div
                style="height: 0px; overflow: hidden;"
              >
                 
              </div>
            </td>
            <td
              style="padding: 0px; border: 0px; height: 0px;"
            >
              <div
                style="height: 0px; overflow: hidden;"
              >
                 
              </div>
            </td>
            <td
              style="padding: 0px; border: 0px; height: 0px;"
            >
              <div
                style="height: 0px; overflow: hidden;"
              >
                 
              </div>
            </td>
            <td
              style="padding: 0px; border: 0px; height: 0px;"
            >
              <div
                style="height: 0px; overflow: hidden;"
              >
                 
              </div>
            </td>
            <td
              style="padding: 0px; border: 0px; height: 0px;"
            >
              <div
                style="height: 0px; overflow: hidden;"
              >
                 
              </div>
            </td>
            <td
              style="padding: 0px; border: 0px; height: 0px;"
            >
              <div
                style="height: 0px; overflow: hidden;"
              >
                 
              </div>
            </td>
            <td
              style="padding: 0px; border: 0px; height: 0px;"
            >
              <div
                style="height: 0px; overflow: hidden;"
              >
                 
              </div>
            </td>
            <td
              style="padding: 0px; border: 0px; height: 0px;"
            >
              <div
                style="height: 0px; overflow: hidden;"
              >
                 
              </div>
            </td>
            <td
              style="padding: 0px; border: 0px; height: 0px;"
            >
              <div
                style="height: 0px; overflow: hidden;"
              >
                 
              </div>
            </td>
            <td
              style="padding: 0px; border: 0px; height: 0px;"
            >
              <div
                style="height: 0px; overflow: hidden;"
              >
                 
              </div>
            </td>
            <td
              style="padding: 0px; border: 0px; height: 0px;"
            >
              <div
                style="height: 0px; overflow: hidden;"
              >
                 
              </div>
            </td>
            <td
              style="padding: 0px; border: 0px; height: 0px;"
            >
              <div
                style="height: 0px; overflow: hidden;"
              >
                 
              </div>
            </td>
          </tr>
          <tr
            class="rc-table-row rc-table-row-level-0"
            data-row-key="1"
          >
            <td
              class="rc-table-cell rc-table-cell-fix rc-table-cell-fix-start rc-table-cell-fix-sticky"
              style="inset-inline-start: 0; --z-offset: 24; --z-offset-reverse: 12;"
            >
              123
            </td>
            <td
              class="rc-table-cell rc-table-cell-fix rc-table-cell-fix-start rc-table-cell-fix-start-shadow rc-table-cell-ellipsis rc-table-cell-fix-sticky"
              style="inset-inline-start: 1000px; --z-offset: 23; --z-offset-reverse: 13;"
              title="1111"
            >
              <span
                class="rc-table-cell-content"
              >
                <span>
                  1111
                </span>
              </span>
            </td>
            <td
              class="rc-table-cell"
            />
            <td
              class="rc-table-cell"
            >
              xxxxxxxx
            </td>
            <td
              class="rc-table-cell"
            >
              xxxxxxxx
            </td>
            <td
              class="rc-table-cell"
            >
              xxxxxxxx
            </td>
            <td
              class="rc-table-cell"
            >
              xxxxxxxx
            </td>
            <td
              class="rc-table-cell"
            >
              xxxxxxxx
            </td>
            <td
              class="rc-table-cell"
            >
              xxxxxxxx
            </td>
            <td
              class="rc-table-cell"
            >
              xxxxxxxx
            </td>
            <td
              class="rc-table-cell"
            >
              xxxxxxxx
            </td>
            <td
              class="rc-table-cell rc-table-cell-fix rc-table-cell-fix-end rc-table-cell-fix-end-shadow rc-table-cell-fix-sticky"
              style="inset-inline-end: 0; --z-offset: 11; --z-offset-reverse: 1;"
            >
              xxxxxxxx
            </td>
          </tr>
          <tr
            class="rc-table-row rc-table-row-level-0"
            data-row-key="2"
          >
            <td
              class="rc-table-cell rc-table-cell-fix rc-table-cell-fix-start rc-table-cell-fix-sticky"
              style="inset-inline-start: 0; --z-offset: 24; --z-offset-reverse: 12;"
            >
              cdd
            </td>
            <td
              class="rc-table-cell rc-table-cell-fix rc-table-cell-fix-start rc-table-cell-fix-start-shadow rc-table-cell-ellipsis rc-table-cell-fix-sticky"
              style="inset-inline-start: 1000px; --z-offset: 23; --z-offset-reverse: 13;"
              title="1111"
            >
              <span
                class="rc-table-cell-content"
              >
                <span>
                  1111
                </span>
              </span>
            </td>
            <td
              class="rc-table-cell"
            />
            <td
              class="rc-table-cell"
            >
              edd12221
            </td>
            <td
              class="rc-table-cell"
            >
              edd12221
            </td>
            <td
              class="rc-table-cell"
            >
              edd12221
            </td>
            <td
              class="rc-table-cell"
            >
              edd12221
            </td>
            <td
              class="rc-table-cell"
            >
              edd12221
            </td>
            <td
              class="rc-table-cell"
            >
              edd12221
            </td>
            <td
              class="rc-table-cell"
            >
              edd12221
            </td>
            <td
              class="rc-table-cell"
            >
              edd12221
            </td>
            <td
              class="rc-table-cell rc-table-cell-fix rc-table-cell-fix-end rc-table-cell-fix-end-shadow rc-table-cell-fix-sticky"
              style="inset-inline-end: 0; --z-offset: 11; --z-offset-reverse: 1;"
            >
              edd12221
            </td>
          </tr>
          <tr
            class="rc-table-row rc-table-row-level-0"
            data-row-key="3"
          >
            <td
              class="rc-table-cell rc-table-cell-fix rc-table-cell-fix-start rc-table-cell-fix-sticky"
              style="inset-inline-start: 0; --z-offset: 24; --z-offset-reverse: 12;"
            >
              133
            </td>
            <td
              class="rc-table-cell rc-table-cell-fix rc-table-cell-fix-start rc-table-cell-fix-start-shadow rc-table-cell-ellipsis rc-table-cell-fix-sticky"
              style="inset-inline-start: 1000px; --z-offset: 23; --z-offset-reverse: 13;"
              title="1111"
            >
              <span
                class="rc-table-cell-content"
              >
                <span>
                  1111
                </span>
              </span>
            </td>
            <td
              class="rc-table-cell"
            >
              edd12221
            </td>
            <td
              class="rc-table-cell"
            />
            <td
              class="rc-table-cell"
            />
            <td
              class="rc-table-cell"
            />
            <td
              class="rc-table-cell"
            />
            <td
              class="rc-table-cell"
            />
            <td
              class="rc-table-cell"
            />
            <td
              class="rc-table-cell"
            />
            <td
              class="rc-table-cell"
            />
            <td
              class="rc-table-cell rc-table-cell-fix rc-table-cell-fix-end rc-table-cell-fix-end-shadow rc-table-cell-fix-sticky"
              style="inset-inline-end: 0; --z-offset: 11; --z-offset-reverse: 1;"
            />
          </tr>
          <tr
            class="rc-table-row rc-table-row-level-0"
            data-row-key="4"
          >
            <td
              class="rc-table-cell rc-table-cell-fix rc-table-cell-fix-start rc-table-cell-fix-sticky"
              style="inset-inline-start: 0; --z-offset: 24; --z-offset-reverse: 12;"
            >
              133
            </td>
            <td
              class="rc-table-cell rc-table-cell-fix rc-table-cell-fix-start rc-table-cell-fix-start-shadow rc-table-cell-ellipsis rc-table-cell-fix-sticky"
              style="inset-inline-start: 1000px; --z-offset: 23; --z-offset-reverse: 13;"
              title="1111"
            >
              <span
                class="rc-table-cell-content"
              >
                <span>
                  1111
                </span>
              </span>
            </td>
            <td
              class="rc-table-cell"
            >
              edd12221
            </td>
            <td
              class="rc-table-cell"
            />
            <td
              class="rc-table-cell"
            />
            <td
              class="rc-table-cell"
            />
            <td
              class="rc-table-cell"
            />
            <td
              class="rc-table-cell"
            />
            <td
              class="rc-table-cell"
            />
            <td
              class="rc-table-cell"
            />
            <td
              class="rc-table-cell"
            />
            <td
              class="rc-table-cell rc-table-cell-fix rc-table-cell-fix-end rc-table-cell-fix-end-shadow rc-table-cell-fix-sticky"
              style="inset-inline-end: 0; --z-offset: 11; --z-offset-reverse: 1;"
            />
          </tr>
          <tr
            class="rc-table-row rc-table-row-level-0"
            data-row-key="5"
          >
            <td
              class="rc-table-cell rc-table-cell-fix rc-table-cell-fix-start rc-table-cell-fix-sticky"
              style="inset-inline-start: 0; --z-offset: 24; --z-offset-reverse: 12;"
            >
              133
            </td>
            <td
              class="rc-table-cell rc-table-cell-fix rc-table-cell-fix-start rc-table-cell-fix-start-shadow rc-table-cell-ellipsis rc-table-cell-fix-sticky"
              style="inset-inline-start: 1000px; --z-offset: 23; --z-offset-reverse: 13;"
              title="1111"
            >
              <span
                class="rc-table-cell-content"
              >
                <span>
                  1111
                </span>
              </span>
            </td>
            <td
              class="rc-table-cell"
            >
              edd12221
            </td>
            <td
              class="rc-table-cell"
            />
            <td
              class="rc-table-cell"
            />
            <td
              class="rc-table-cell"
            />
            <td
              class="rc-table-cell"
            />
            <td
              class="rc-table-cell"
            />
            <td
              class="rc-table-cell"
            />
            <td
              class="rc-table-cell"
            />
            <td
              class="rc-table-cell"
            />
            <td
              class="rc-table-cell rc-table-cell-fix rc-table-cell-fix-end rc-table-cell-fix-end-shadow rc-table-cell-fix-sticky"
              style="inset-inline-end: 0; --z-offset: 11; --z-offset-reverse: 1;"
            />
          </tr>
          <tr
            class="rc-table-row rc-table-row-level-0"
            data-row-key="6"
          >
            <td
              class="rc-table-cell rc-table-cell-fix rc-table-cell-fix-start rc-table-cell-fix-sticky"
              style="inset-inline-start: 0; --z-offset: 24; --z-offset-reverse: 12;"
            >
              133
            </td>
            <td
              class="rc-table-cell rc-table-cell-fix rc-table-cell-fix-start rc-table-cell-fix-start-shadow rc-table-cell-ellipsis rc-table-cell-fix-sticky"
              style="inset-inline-start: 1000px; --z-offset: 23; --z-offset-reverse: 13;"
              title="1111"
            >
              <span
                class="rc-table-cell-content"
              >
                <span>
                  1111
                </span>
              </span>
            </td>
            <td
              class="rc-table-cell"
            >
              edd12221
            </td>
            <td
              class="rc-table-cell"
            />
            <td
              class="rc-table-cell"
            />
            <td
              class="rc-table-cell"
            />
            <td
              class="rc-table-cell"
            />
            <td
              class="rc-table-cell"
            />
            <td
              class="rc-table-cell"
            />
            <td
              class="rc-table-cell"
            />
            <td
              class="rc-table-cell"
            />
            <td
              class="rc-table-cell rc-table-cell-fix rc-table-cell-fix-end rc-table-cell-fix-end-shadow rc-table-cell-fix-sticky"
              style="inset-inline-end: 0; --z-offset: 11; --z-offset-reverse: 1;"
            />
          </tr>
          <tr
            class="rc-table-row rc-table-row-level-0"
            data-row-key="7"
          >
            <td
              class="rc-table-cell rc-table-cell-fix rc-table-cell-fix-start rc-table-cell-fix-sticky"
              style="inset-inline-start: 0; --z-offset: 24; --z-offset-reverse: 12;"
            >
              133
            </td>
            <td
              class="rc-table-cell rc-table-cell-fix rc-table-cell-fix-start rc-table-cell-fix-start-shadow rc-table-cell-ellipsis rc-table-cell-fix-sticky"
              style="inset-inline-start: 1000px; --z-offset: 23; --z-offset-reverse: 13;"
              title="1111"
            >
              <span
                class="rc-table-cell-content"
              >
                <span>
                  1111
                </span>
              </span>
            </td>
            <td
              class="rc-table-cell"
            >
              edd12221
            </td>
            <td
              class="rc-table-cell"
            />
            <td
              class="rc-table-cell"
            />
            <td
              class="rc-table-cell"
            />
            <td
              class="rc-table-cell"
            />
            <td
              class="rc-table-cell"
            />
            <td
              class="rc-table-cell"
            />
            <td
              class="rc-table-cell"
            />
            <td
              class="rc-table-cell"
            />
            <td
              class="rc-table-cell rc-table-cell-fix rc-table-cell-fix-end rc-table-cell-fix-end-shadow rc-table-cell-fix-sticky"
              style="inset-inline-end: 0; --z-offset: 11; --z-offset-reverse: 1;"
            />
          </tr>
          <tr
            class="rc-table-row rc-table-row-level-0"
            data-row-key="8"
          >
            <td
              class="rc-table-cell rc-table-cell-fix rc-table-cell-fix-start rc-table-cell-fix-sticky"
              style="inset-inline-start: 0; --z-offset: 24; --z-offset-reverse: 12;"
            >
              133
            </td>
            <td
              class="rc-table-cell rc-table-cell-fix rc-table-cell-fix-start rc-table-cell-fix-start-shadow rc-table-cell-ellipsis rc-table-cell-fix-sticky"
              style="inset-inline-start: 1000px; --z-offset: 23; --z-offset-reverse: 13;"
              title="1111"
            >
              <span
                class="rc-table-cell-content"
              >
                <span>
                  1111
                </span>
              </span>
            </td>
            <td
              class="rc-table-cell"
            >
              edd12221
            </td>
            <td
              class="rc-table-cell"
            />
            <td
              class="rc-table-cell"
            />
            <td
              class="rc-table-cell"
            />
            <td
              class="rc-table-cell"
            />
            <td
              class="rc-table-cell"
            />
            <td
              class="rc-table-cell"
            />
            <td
              class="rc-table-cell"
            />
            <td
              class="rc-table-cell"
            />
            <td
              class="rc-table-cell rc-table-cell-fix rc-table-cell-fix-end rc-table-cell-fix-end-shadow rc-table-cell-fix-sticky"
              style="inset-inline-end: 0; --z-offset: 11; --z-offset-reverse: 1;"
            />
          </tr>
          <tr
            class="rc-table-row rc-table-row-level-0"
            data-row-key="9"
          >
            <td
              class="rc-table-cell rc-table-cell-fix rc-table-cell-fix-start rc-table-cell-fix-sticky"
              style="inset-inline-start: 0; --z-offset: 24; --z-offset-reverse: 12;"
            >
              133
            </td>
            <td
              class="rc-table-cell rc-table-cell-fix rc-table-cell-fix-start rc-table-cell-fix-start-shadow rc-table-cell-ellipsis rc-table-cell-fix-sticky"
              style="inset-inline-start: 1000px; --z-offset: 23; --z-offset-reverse: 13;"
              title="1111"
            >
              <span
                class="rc-table-cell-content"
              >
                <span>
                  1111
                </span>
              </span>
            </td>
            <td
              class="rc-table-cell"
            >
              edd12221
            </td>
            <td
              class="rc-table-cell"
            />
            <td
              class="rc-table-cell"
            />
            <td
              class="rc-table-cell"
            />
            <td
              class="rc-table-cell"
            />
            <td
              class="rc-table-cell"
            />
            <td
              class="rc-table-cell"
            />
            <td
              class="rc-table-cell"
            />
            <td
              class="rc-table-cell"
            />
            <td
              class="rc-table-cell rc-table-cell-fix rc-table-cell-fix-end rc-table-cell-fix-end-shadow rc-table-cell-fix-sticky"
              style="inset-inline-end: 0; --z-offset: 11; --z-offset-reverse: 1;"
            />
          </tr>
        </tbody>
      </table>
    </div>
  </div>
</div>
`;

exports[`Table.FixedColumn > renders correctly > scrollX - without data 1`] = `
<div
  class="rc-table rc-table-fix-start-shadow rc-table-fix-end-shadow rc-table-fixed-column rc-table-scroll-horizontal rc-table-has-fix-start rc-table-has-fix-end"
>
  <div
    class="rc-table-container"
  >
    <div
      class="rc-table-content"
      style="overflow-x: auto; overflow-y: hidden;"
    >
      <table
        style="width: 1200px; min-width: 100%; table-layout: fixed;"
      >
        <colgroup>
          <col
            style="width: 100px;"
          />
          <col
            style="width: 100px;"
          />
          <col />
          <col />
          <col />
          <col />
          <col />
          <col />
          <col />
          <col />
          <col />
          <col
            style="width: 100px;"
          />
        </colgroup>
        <thead
          class="rc-table-thead"
        >
          <tr>
            <th
              class="rc-table-cell rc-table-cell-fix rc-table-cell-fix-start rc-table-cell-fix-sticky"
              scope="col"
              style="inset-inline-start: 0; --z-offset: 24; --z-offset-reverse: 12;"
            >
              title1
            </th>
            <th
              class="rc-table-cell rc-table-cell-fix rc-table-cell-fix-start rc-table-cell-fix-start-shadow rc-table-cell-ellipsis rc-table-cell-fix-sticky"
              scope="col"
              style="inset-inline-start: 1000px; --z-offset: 23; --z-offset-reverse: 13;"
              title="title2"
            >
              <span
                class="rc-table-cell-content"
              >
                title2
              </span>
            </th>
            <th
              class="rc-table-cell"
              scope="col"
            >
              title3
            </th>
            <th
              class="rc-table-cell"
              scope="col"
            >
              title4
            </th>
            <th
              class="rc-table-cell"
              scope="col"
            >
              title5
            </th>
            <th
              class="rc-table-cell"
              scope="col"
            >
              title6
            </th>
            <th
              class="rc-table-cell"
              scope="col"
            >
              title7
            </th>
            <th
              class="rc-table-cell"
              scope="col"
            >
              title8
            </th>
            <th
              class="rc-table-cell"
              scope="col"
            >
              title9
            </th>
            <th
              class="rc-table-cell"
              scope="col"
            >
              title10
            </th>
            <th
              class="rc-table-cell"
              scope="col"
            >
              title11
            </th>
            <th
              class="rc-table-cell rc-table-cell-fix rc-table-cell-fix-end rc-table-cell-fix-end-shadow rc-table-cell-fix-sticky"
              scope="col"
              style="inset-inline-end: 0; --z-offset: 11; --z-offset-reverse: 1;"
            >
              title12
            </th>
          </tr>
        </thead>
        <tbody
          class="rc-table-tbody"
        >
          <tr
            aria-hidden="true"
            class="rc-table-measure-row"
            style="height: 0px; font-size: 0px;"
          >
            <td
              style="padding: 0px; border: 0px; height: 0px;"
            >
              <div
                style="height: 0px; overflow: hidden;"
              >
                 
              </div>
            </td>
            <td
              style="padding: 0px; border: 0px; height: 0px;"
            >
              <div
                style="height: 0px; overflow: hidden;"
              >
                 
              </div>
            </td>
            <td
              style="padding: 0px; border: 0px; height: 0px;"
            >
              <div
                style="height: 0px; overflow: hidden;"
              >
                 
              </div>
            </td>
            <td
              style="padding: 0px; border: 0px; height: 0px;"
            >
              <div
                style="height: 0px; overflow: hidden;"
              >
                 
              </div>
            </td>
            <td
              style="padding: 0px; border: 0px; height: 0px;"
            >
              <div
                style="height: 0px; overflow: hidden;"
              >
                 
              </div>
            </td>
            <td
              style="padding: 0px; border: 0px; height: 0px;"
            >
              <div
                style="height: 0px; overflow: hidden;"
              >
                 
              </div>
            </td>
            <td
              style="padding: 0px; border: 0px; height: 0px;"
            >
              <div
                style="height: 0px; overflow: hidden;"
              >
                 
              </div>
            </td>
            <td
              style="padding: 0px; border: 0px; height: 0px;"
            >
              <div
                style="height: 0px; overflow: hidden;"
              >
                 
              </div>
            </td>
            <td
              style="padding: 0px; border: 0px; height: 0px;"
            >
              <div
                style="height: 0px; overflow: hidden;"
              >
                 
              </div>
            </td>
            <td
              style="padding: 0px; border: 0px; height: 0px;"
            >
              <div
                style="height: 0px; overflow: hidden;"
              >
                 
              </div>
            </td>
            <td
              style="padding: 0px; border: 0px; height: 0px;"
            >
              <div
                style="height: 0px; overflow: hidden;"
              >
                 
              </div>
            </td>
            <td
              style="padding: 0px; border: 0px; height: 0px;"
            >
              <div
                style="height: 0px; overflow: hidden;"
              >
                 
              </div>
            </td>
          </tr>
          <tr
            class="rc-table-placeholder"
          >
            <td
              class="rc-table-cell"
              colspan="12"
            >
              <div
                class="rc-table-expanded-row-fixed"
                style="width: 1000px; position: sticky; left: 0px; overflow: hidden;"
              >
                No Data
              </div>
            </td>
          </tr>
        </tbody>
      </table>
    </div>
  </div>
</div>
`;

exports[`Table.FixedColumn > renders correctly > scrollXY - with data 1`] = `
<div
  class="rc-table rc-table-fix-start-shadow rc-table-fix-end-shadow rc-table-fixed-header rc-table-fixed-column rc-table-scroll-horizontal rc-table-has-fix-start rc-table-has-fix-end"
>
  <div
    class="rc-table-container"
  >
    <div
      class="rc-table-header"
      style="overflow: hidden;"
    >
      <table
        style="table-layout: fixed;"
      >
        <colgroup>
          <col
            style="width: 1000px;"
          />
          <col
            style="width: 1000px;"
          />
          <col
            style="width: 1000px;"
          />
          <col
            style="width: 1000px;"
          />
          <col
            style="width: 1000px;"
          />
          <col
            style="width: 1000px;"
          />
          <col
            style="width: 1000px;"
          />
          <col
            style="width: 1000px;"
          />
          <col
            style="width: 1000px;"
          />
          <col
            style="width: 1000px;"
          />
          <col
            style="width: 1000px;"
          />
          <col
            style="width: 1000px;"
          />
          <col
            style="width: 15px;"
          />
        </colgroup>
        <thead
          class="rc-table-thead"
        >
          <tr>
            <th
              class="rc-table-cell rc-table-cell-fix rc-table-cell-fix-start"
              scope="col"
              style="inset-inline-start: 0; --z-offset: 26; --z-offset-reverse: 13;"
            >
              title1
            </th>
            <th
              class="rc-table-cell rc-table-cell-fix rc-table-cell-fix-start rc-table-cell-fix-start-shadow rc-table-cell-ellipsis"
              scope="col"
              style="inset-inline-start: 1000px; --z-offset: 25; --z-offset-reverse: 14;"
              title="title2"
            >
              <span
                class="rc-table-cell-content"
              >
                title2
              </span>
            </th>
            <th
              class="rc-table-cell"
              scope="col"
            >
              title3
            </th>
            <th
              class="rc-table-cell"
              scope="col"
            >
              title4
            </th>
            <th
              class="rc-table-cell"
              scope="col"
            >
              title5
            </th>
            <th
              class="rc-table-cell"
              scope="col"
            >
              title6
            </th>
            <th
              class="rc-table-cell"
              scope="col"
            >
              title7
            </th>
            <th
              class="rc-table-cell"
              scope="col"
            >
              title8
            </th>
            <th
              class="rc-table-cell"
              scope="col"
            >
              title9
            </th>
            <th
              class="rc-table-cell"
              scope="col"
            >
              title10
            </th>
            <th
              class="rc-table-cell"
              scope="col"
            >
              title11
            </th>
            <th
              class="rc-table-cell rc-table-cell-fix rc-table-cell-fix-end rc-table-cell-fix-end-shadow"
              scope="col"
              style="inset-inline-end: 15px; --z-offset: 11; --z-offset-reverse: 2;"
            >
              title12
            </th>
            <th
              class="rc-table-cell rc-table-cell-fix rc-table-cell-fix-end rc-table-cell-scrollbar"
              style="inset-inline-end: 0; --z-offset: 12; --z-offset-reverse: 1;"
            />
          </tr>
        </thead>
      </table>
    </div>
    <div
      class="rc-table-body"
      style="overflow-x: auto; overflow-y: scroll; max-height: 100px;"
    >
      <table
        style="width: 1200px; min-width: 100%; table-layout: fixed;"
      >
        <colgroup>
          <col
            style="width: 100px;"
          />
          <col
            style="width: 100px;"
          />
          <col />
          <col />
          <col />
          <col />
          <col />
          <col />
          <col />
          <col />
          <col />
          <col
            style="width: 100px;"
          />
        </colgroup>
        <tbody
          class="rc-table-tbody"
        >
          <tr
            aria-hidden="true"
            class="rc-table-measure-row"
            style="height: 0px; font-size: 0px;"
          >
            <td
              style="padding: 0px; border: 0px; height: 0px;"
            >
              <div
                style="height: 0px; overflow: hidden;"
              >
                 
              </div>
            </td>
            <td
              style="padding: 0px; border: 0px; height: 0px;"
            >
              <div
                style="height: 0px; overflow: hidden;"
              >
                 
              </div>
            </td>
            <td
              style="padding: 0px; border: 0px; height: 0px;"
            >
              <div
                style="height: 0px; overflow: hidden;"
              >
                 
              </div>
            </td>
            <td
              style="padding: 0px; border: 0px; height: 0px;"
            >
              <div
                style="height: 0px; overflow: hidden;"
              >
                 
              </div>
            </td>
            <td
              style="padding: 0px; border: 0px; height: 0px;"
            >
              <div
                style="height: 0px; overflow: hidden;"
              >
                 
              </div>
            </td>
            <td
              style="padding: 0px; border: 0px; height: 0px;"
            >
              <div
                style="height: 0px; overflow: hidden;"
              >
                 
              </div>
            </td>
            <td
              style="padding: 0px; border: 0px; height: 0px;"
            >
              <div
                style="height: 0px; overflow: hidden;"
              >
                 
              </div>
            </td>
            <td
              style="padding: 0px; border: 0px; height: 0px;"
            >
              <div
                style="height: 0px; overflow: hidden;"
              >
                 
              </div>
            </td>
            <td
              style="padding: 0px; border: 0px; height: 0px;"
            >
              <div
                style="height: 0px; overflow: hidden;"
              >
                 
              </div>
            </td>
            <td
              style="padding: 0px; border: 0px; height: 0px;"
            >
              <div
                style="height: 0px; overflow: hidden;"
              >
                 
              </div>
            </td>
            <td
              style="padding: 0px; border: 0px; height: 0px;"
            >
              <div
                style="height: 0px; overflow: hidden;"
              >
                 
              </div>
            </td>
            <td
              style="padding: 0px; border: 0px; height: 0px;"
            >
              <div
                style="height: 0px; overflow: hidden;"
              >
                 
              </div>
            </td>
          </tr>
          <tr
            class="rc-table-row rc-table-row-level-0"
            data-row-key="1"
          >
            <td
              class="rc-table-cell rc-table-cell-fix rc-table-cell-fix-start rc-table-cell-fix-sticky"
              style="inset-inline-start: 0; --z-offset: 24; --z-offset-reverse: 12;"
            >
              123
            </td>
            <td
              class="rc-table-cell rc-table-cell-fix rc-table-cell-fix-start rc-table-cell-fix-start-shadow rc-table-cell-ellipsis rc-table-cell-fix-sticky"
              style="inset-inline-start: 1000px; --z-offset: 23; --z-offset-reverse: 13;"
              title="1111"
            >
              <span
                class="rc-table-cell-content"
              >
                <span>
                  1111
                </span>
              </span>
            </td>
            <td
              class="rc-table-cell"
            />
            <td
              class="rc-table-cell"
            >
              xxxxxxxx
            </td>
            <td
              class="rc-table-cell"
            >
              xxxxxxxx
            </td>
            <td
              class="rc-table-cell"
            >
              xxxxxxxx
            </td>
            <td
              class="rc-table-cell"
            >
              xxxxxxxx
            </td>
            <td
              class="rc-table-cell"
            >
              xxxxxxxx
            </td>
            <td
              class="rc-table-cell"
            >
              xxxxxxxx
            </td>
            <td
              class="rc-table-cell"
            >
              xxxxxxxx
            </td>
            <td
              class="rc-table-cell"
            >
              xxxxxxxx
            </td>
            <td
              class="rc-table-cell rc-table-cell-fix rc-table-cell-fix-end rc-table-cell-fix-end-shadow rc-table-cell-fix-sticky"
              style="inset-inline-end: 0; --z-offset: 11; --z-offset-reverse: 1;"
            >
              xxxxxxxx
            </td>
          </tr>
          <tr
            class="rc-table-row rc-table-row-level-0"
            data-row-key="2"
          >
            <td
              class="rc-table-cell rc-table-cell-fix rc-table-cell-fix-start rc-table-cell-fix-sticky"
              style="inset-inline-start: 0; --z-offset: 24; --z-offset-reverse: 12;"
            >
              cdd
            </td>
            <td
              class="rc-table-cell rc-table-cell-fix rc-table-cell-fix-start rc-table-cell-fix-start-shadow rc-table-cell-ellipsis rc-table-cell-fix-sticky"
              style="inset-inline-start: 1000px; --z-offset: 23; --z-offset-reverse: 13;"
              title="1111"
            >
              <span
                class="rc-table-cell-content"
              >
                <span>
                  1111
                </span>
              </span>
            </td>
            <td
              class="rc-table-cell"
            />
            <td
              class="rc-table-cell"
            >
              edd12221
            </td>
            <td
              class="rc-table-cell"
            >
              edd12221
            </td>
            <td
              class="rc-table-cell"
            >
              edd12221
            </td>
            <td
              class="rc-table-cell"
            >
              edd12221
            </td>
            <td
              class="rc-table-cell"
            >
              edd12221
            </td>
            <td
              class="rc-table-cell"
            >
              edd12221
            </td>
            <td
              class="rc-table-cell"
            >
              edd12221
            </td>
            <td
              class="rc-table-cell"
            >
              edd12221
            </td>
            <td
              class="rc-table-cell rc-table-cell-fix rc-table-cell-fix-end rc-table-cell-fix-end-shadow rc-table-cell-fix-sticky"
              style="inset-inline-end: 0; --z-offset: 11; --z-offset-reverse: 1;"
            >
              edd12221
            </td>
          </tr>
          <tr
            class="rc-table-row rc-table-row-level-0"
            data-row-key="3"
          >
            <td
              class="rc-table-cell rc-table-cell-fix rc-table-cell-fix-start rc-table-cell-fix-sticky"
              style="inset-inline-start: 0; --z-offset: 24; --z-offset-reverse: 12;"
            >
              133
            </td>
            <td
              class="rc-table-cell rc-table-cell-fix rc-table-cell-fix-start rc-table-cell-fix-start-shadow rc-table-cell-ellipsis rc-table-cell-fix-sticky"
              style="inset-inline-start: 1000px; --z-offset: 23; --z-offset-reverse: 13;"
              title="1111"
            >
              <span
                class="rc-table-cell-content"
              >
                <span>
                  1111
                </span>
              </span>
            </td>
            <td
              class="rc-table-cell"
            >
              edd12221
            </td>
            <td
              class="rc-table-cell"
            />
            <td
              class="rc-table-cell"
            />
            <td
              class="rc-table-cell"
            />
            <td
              class="rc-table-cell"
            />
            <td
              class="rc-table-cell"
            />
            <td
              class="rc-table-cell"
            />
            <td
              class="rc-table-cell"
            />
            <td
              class="rc-table-cell"
            />
            <td
              class="rc-table-cell rc-table-cell-fix rc-table-cell-fix-end rc-table-cell-fix-end-shadow rc-table-cell-fix-sticky"
              style="inset-inline-end: 0; --z-offset: 11; --z-offset-reverse: 1;"
            />
          </tr>
          <tr
            class="rc-table-row rc-table-row-level-0"
            data-row-key="4"
          >
            <td
              class="rc-table-cell rc-table-cell-fix rc-table-cell-fix-start rc-table-cell-fix-sticky"
              style="inset-inline-start: 0; --z-offset: 24; --z-offset-reverse: 12;"
            >
              133
            </td>
            <td
              class="rc-table-cell rc-table-cell-fix rc-table-cell-fix-start rc-table-cell-fix-start-shadow rc-table-cell-ellipsis rc-table-cell-fix-sticky"
              style="inset-inline-start: 1000px; --z-offset: 23; --z-offset-reverse: 13;"
              title="1111"
            >
              <span
                class="rc-table-cell-content"
              >
                <span>
                  1111
                </span>
              </span>
            </td>
            <td
              class="rc-table-cell"
            >
              edd12221
            </td>
            <td
              class="rc-table-cell"
            />
            <td
              class="rc-table-cell"
            />
            <td
              class="rc-table-cell"
            />
            <td
              class="rc-table-cell"
            />
            <td
              class="rc-table-cell"
            />
            <td
              class="rc-table-cell"
            />
            <td
              class="rc-table-cell"
            />
            <td
              class="rc-table-cell"
            />
            <td
              class="rc-table-cell rc-table-cell-fix rc-table-cell-fix-end rc-table-cell-fix-end-shadow rc-table-cell-fix-sticky"
              style="inset-inline-end: 0; --z-offset: 11; --z-offset-reverse: 1;"
            />
          </tr>
          <tr
            class="rc-table-row rc-table-row-level-0"
            data-row-key="5"
          >
            <td
              class="rc-table-cell rc-table-cell-fix rc-table-cell-fix-start rc-table-cell-fix-sticky"
              style="inset-inline-start: 0; --z-offset: 24; --z-offset-reverse: 12;"
            >
              133
            </td>
            <td
              class="rc-table-cell rc-table-cell-fix rc-table-cell-fix-start rc-table-cell-fix-start-shadow rc-table-cell-ellipsis rc-table-cell-fix-sticky"
              style="inset-inline-start: 1000px; --z-offset: 23; --z-offset-reverse: 13;"
              title="1111"
            >
              <span
                class="rc-table-cell-content"
              >
                <span>
                  1111
                </span>
              </span>
            </td>
            <td
              class="rc-table-cell"
            >
              edd12221
            </td>
            <td
              class="rc-table-cell"
            />
            <td
              class="rc-table-cell"
            />
            <td
              class="rc-table-cell"
            />
            <td
              class="rc-table-cell"
            />
            <td
              class="rc-table-cell"
            />
            <td
              class="rc-table-cell"
            />
            <td
              class="rc-table-cell"
            />
            <td
              class="rc-table-cell"
            />
            <td
              class="rc-table-cell rc-table-cell-fix rc-table-cell-fix-end rc-table-cell-fix-end-shadow rc-table-cell-fix-sticky"
              style="inset-inline-end: 0; --z-offset: 11; --z-offset-reverse: 1;"
            />
          </tr>
          <tr
            class="rc-table-row rc-table-row-level-0"
            data-row-key="6"
          >
            <td
              class="rc-table-cell rc-table-cell-fix rc-table-cell-fix-start rc-table-cell-fix-sticky"
              style="inset-inline-start: 0; --z-offset: 24; --z-offset-reverse: 12;"
            >
              133
            </td>
            <td
              class="rc-table-cell rc-table-cell-fix rc-table-cell-fix-start rc-table-cell-fix-start-shadow rc-table-cell-ellipsis rc-table-cell-fix-sticky"
              style="inset-inline-start: 1000px; --z-offset: 23; --z-offset-reverse: 13;"
              title="1111"
            >
              <span
                class="rc-table-cell-content"
              >
                <span>
                  1111
                </span>
              </span>
            </td>
            <td
              class="rc-table-cell"
            >
              edd12221
            </td>
            <td
              class="rc-table-cell"
            />
            <td
              class="rc-table-cell"
            />
            <td
              class="rc-table-cell"
            />
            <td
              class="rc-table-cell"
            />
            <td
              class="rc-table-cell"
            />
            <td
              class="rc-table-cell"
            />
            <td
              class="rc-table-cell"
            />
            <td
              class="rc-table-cell"
            />
            <td
              class="rc-table-cell rc-table-cell-fix rc-table-cell-fix-end rc-table-cell-fix-end-shadow rc-table-cell-fix-sticky"
              style="inset-inline-end: 0; --z-offset: 11; --z-offset-reverse: 1;"
            />
          </tr>
          <tr
            class="rc-table-row rc-table-row-level-0"
            data-row-key="7"
          >
            <td
              class="rc-table-cell rc-table-cell-fix rc-table-cell-fix-start rc-table-cell-fix-sticky"
              style="inset-inline-start: 0; --z-offset: 24; --z-offset-reverse: 12;"
            >
              133
            </td>
            <td
              class="rc-table-cell rc-table-cell-fix rc-table-cell-fix-start rc-table-cell-fix-start-shadow rc-table-cell-ellipsis rc-table-cell-fix-sticky"
              style="inset-inline-start: 1000px; --z-offset: 23; --z-offset-reverse: 13;"
              title="1111"
            >
              <span
                class="rc-table-cell-content"
              >
                <span>
                  1111
                </span>
              </span>
            </td>
            <td
              class="rc-table-cell"
            >
              edd12221
            </td>
            <td
              class="rc-table-cell"
            />
            <td
              class="rc-table-cell"
            />
            <td
              class="rc-table-cell"
            />
            <td
              class="rc-table-cell"
            />
            <td
              class="rc-table-cell"
            />
            <td
              class="rc-table-cell"
            />
            <td
              class="rc-table-cell"
            />
            <td
              class="rc-table-cell"
            />
            <td
              class="rc-table-cell rc-table-cell-fix rc-table-cell-fix-end rc-table-cell-fix-end-shadow rc-table-cell-fix-sticky"
              style="inset-inline-end: 0; --z-offset: 11; --z-offset-reverse: 1;"
            />
          </tr>
          <tr
            class="rc-table-row rc-table-row-level-0"
            data-row-key="8"
          >
            <td
              class="rc-table-cell rc-table-cell-fix rc-table-cell-fix-start rc-table-cell-fix-sticky"
              style="inset-inline-start: 0; --z-offset: 24; --z-offset-reverse: 12;"
            >
              133
            </td>
            <td
              class="rc-table-cell rc-table-cell-fix rc-table-cell-fix-start rc-table-cell-fix-start-shadow rc-table-cell-ellipsis rc-table-cell-fix-sticky"
              style="inset-inline-start: 1000px; --z-offset: 23; --z-offset-reverse: 13;"
              title="1111"
            >
              <span
                class="rc-table-cell-content"
              >
                <span>
                  1111
                </span>
              </span>
            </td>
            <td
              class="rc-table-cell"
            >
              edd12221
            </td>
            <td
              class="rc-table-cell"
            />
            <td
              class="rc-table-cell"
            />
            <td
              class="rc-table-cell"
            />
            <td
              class="rc-table-cell"
            />
            <td
              class="rc-table-cell"
            />
            <td
              class="rc-table-cell"
            />
            <td
              class="rc-table-cell"
            />
            <td
              class="rc-table-cell"
            />
            <td
              class="rc-table-cell rc-table-cell-fix rc-table-cell-fix-end rc-table-cell-fix-end-shadow rc-table-cell-fix-sticky"
              style="inset-inline-end: 0; --z-offset: 11; --z-offset-reverse: 1;"
            />
          </tr>
          <tr
            class="rc-table-row rc-table-row-level-0"
            data-row-key="9"
          >
            <td
              class="rc-table-cell rc-table-cell-fix rc-table-cell-fix-start rc-table-cell-fix-sticky"
              style="inset-inline-start: 0; --z-offset: 24; --z-offset-reverse: 12;"
            >
              133
            </td>
            <td
              class="rc-table-cell rc-table-cell-fix rc-table-cell-fix-start rc-table-cell-fix-start-shadow rc-table-cell-ellipsis rc-table-cell-fix-sticky"
              style="inset-inline-start: 1000px; --z-offset: 23; --z-offset-reverse: 13;"
              title="1111"
            >
              <span
                class="rc-table-cell-content"
              >
                <span>
                  1111
                </span>
              </span>
            </td>
            <td
              class="rc-table-cell"
            >
              edd12221
            </td>
            <td
              class="rc-table-cell"
            />
            <td
              class="rc-table-cell"
            />
            <td
              class="rc-table-cell"
            />
            <td
              class="rc-table-cell"
            />
            <td
              class="rc-table-cell"
            />
            <td
              class="rc-table-cell"
            />
            <td
              class="rc-table-cell"
            />
            <td
              class="rc-table-cell"
            />
            <td
              class="rc-table-cell rc-table-cell-fix rc-table-cell-fix-end rc-table-cell-fix-end-shadow rc-table-cell-fix-sticky"
              style="inset-inline-end: 0; --z-offset: 11; --z-offset-reverse: 1;"
            />
          </tr>
        </tbody>
      </table>
    </div>
  </div>
</div>
`;

exports[`Table.FixedColumn > renders correctly > scrollXY - without data 1`] = `
<div
  class="rc-table rc-table-fix-start-shadow rc-table-fix-end-shadow rc-table-fixed-header rc-table-fixed-column rc-table-scroll-horizontal rc-table-has-fix-start rc-table-has-fix-end"
>
  <div
    class="rc-table-container"
  >
    <div
      class="rc-table-header"
      style="overflow: hidden;"
    >
      <table
        style="table-layout: fixed;"
      >
        <colgroup>
          <col
            style="width: 1000px;"
          />
          <col
            style="width: 1000px;"
          />
          <col
            style="width: 1000px;"
          />
          <col
            style="width: 1000px;"
          />
          <col
            style="width: 1000px;"
          />
          <col
            style="width: 1000px;"
          />
          <col
            style="width: 1000px;"
          />
          <col
            style="width: 1000px;"
          />
          <col
            style="width: 1000px;"
          />
          <col
            style="width: 1000px;"
          />
          <col
            style="width: 1000px;"
          />
          <col
            style="width: 1000px;"
          />
          <col
            style="width: 15px;"
          />
        </colgroup>
        <thead
          class="rc-table-thead"
        >
          <tr>
            <th
              class="rc-table-cell rc-table-cell-fix rc-table-cell-fix-start"
              scope="col"
              style="inset-inline-start: 0; --z-offset: 26; --z-offset-reverse: 13;"
            >
              title1
            </th>
            <th
              class="rc-table-cell rc-table-cell-fix rc-table-cell-fix-start rc-table-cell-fix-start-shadow rc-table-cell-ellipsis"
              scope="col"
              style="inset-inline-start: 1000px; --z-offset: 25; --z-offset-reverse: 14;"
              title="title2"
            >
              <span
                class="rc-table-cell-content"
              >
                title2
              </span>
            </th>
            <th
              class="rc-table-cell"
              scope="col"
            >
              title3
            </th>
            <th
              class="rc-table-cell"
              scope="col"
            >
              title4
            </th>
            <th
              class="rc-table-cell"
              scope="col"
            >
              title5
            </th>
            <th
              class="rc-table-cell"
              scope="col"
            >
              title6
            </th>
            <th
              class="rc-table-cell"
              scope="col"
            >
              title7
            </th>
            <th
              class="rc-table-cell"
              scope="col"
            >
              title8
            </th>
            <th
              class="rc-table-cell"
              scope="col"
            >
              title9
            </th>
            <th
              class="rc-table-cell"
              scope="col"
            >
              title10
            </th>
            <th
              class="rc-table-cell"
              scope="col"
            >
              title11
            </th>
            <th
              class="rc-table-cell rc-table-cell-fix rc-table-cell-fix-end rc-table-cell-fix-end-shadow"
              scope="col"
              style="inset-inline-end: 15px; --z-offset: 11; --z-offset-reverse: 2;"
            >
              title12
            </th>
            <th
              class="rc-table-cell rc-table-cell-fix rc-table-cell-fix-end rc-table-cell-scrollbar"
              style="inset-inline-end: 0; --z-offset: 12; --z-offset-reverse: 1;"
            />
          </tr>
        </thead>
      </table>
    </div>
    <div
      class="rc-table-body"
      style="overflow-x: auto; overflow-y: auto; max-height: 100px;"
    >
      <table
        style="width: 1200px; min-width: 100%; table-layout: fixed;"
      >
        <colgroup>
          <col
            style="width: 100px;"
          />
          <col
            style="width: 100px;"
          />
          <col />
          <col />
          <col />
          <col />
          <col />
          <col />
          <col />
          <col />
          <col />
          <col
            style="width: 100px;"
          />
        </colgroup>
        <tbody
          class="rc-table-tbody"
        >
          <tr
            aria-hidden="true"
            class="rc-table-measure-row"
            style="height: 0px; font-size: 0px;"
          >
            <td
              style="padding: 0px; border: 0px; height: 0px;"
            >
              <div
                style="height: 0px; overflow: hidden;"
              >
                 
              </div>
            </td>
            <td
              style="padding: 0px; border: 0px; height: 0px;"
            >
              <div
                style="height: 0px; overflow: hidden;"
              >
                 
              </div>
            </td>
            <td
              style="padding: 0px; border: 0px; height: 0px;"
            >
              <div
                style="height: 0px; overflow: hidden;"
              >
                 
              </div>
            </td>
            <td
              style="padding: 0px; border: 0px; height: 0px;"
            >
              <div
                style="height: 0px; overflow: hidden;"
              >
                 
              </div>
            </td>
            <td
              style="padding: 0px; border: 0px; height: 0px;"
            >
              <div
                style="height: 0px; overflow: hidden;"
              >
                 
              </div>
            </td>
            <td
              style="padding: 0px; border: 0px; height: 0px;"
            >
              <div
                style="height: 0px; overflow: hidden;"
              >
                 
              </div>
            </td>
            <td
              style="padding: 0px; border: 0px; height: 0px;"
            >
              <div
                style="height: 0px; overflow: hidden;"
              >
                 
              </div>
            </td>
            <td
              style="padding: 0px; border: 0px; height: 0px;"
            >
              <div
                style="height: 0px; overflow: hidden;"
              >
                 
              </div>
            </td>
            <td
              style="padding: 0px; border: 0px; height: 0px;"
            >
              <div
                style="height: 0px; overflow: hidden;"
              >
                 
              </div>
            </td>
            <td
              style="padding: 0px; border: 0px; height: 0px;"
            >
              <div
                style="height: 0px; overflow: hidden;"
              >
                 
              </div>
            </td>
            <td
              style="padding: 0px; border: 0px; height: 0px;"
            >
              <div
                style="height: 0px; overflow: hidden;"
              >
                 
              </div>
            </td>
            <td
              style="padding: 0px; border: 0px; height: 0px;"
            >
              <div
                style="height: 0px; overflow: hidden;"
              >
                 
              </div>
            </td>
          </tr>
          <tr
            class="rc-table-placeholder"
          >
            <td
              class="rc-table-cell"
              colspan="12"
            >
              <div
                class="rc-table-expanded-row-fixed"
                style="width: 1000px; position: sticky; left: 0px; overflow: hidden;"
              >
                No Data
              </div>
            </td>
          </tr>
        </tbody>
      </table>
    </div>
  </div>
</div>
`;
