// Jest Snapshot v1, https://goo.gl/fbAQLP

exports[`Table.FixedColumn fixed column renders correctly RTL 1`] = `
<div
  class="rc-table rc-table-rtl rc-table-fixed-column rc-table-scroll-horizontal rc-table-has-fix-left"
>
  <div
    class="rc-table-container"
  >
    <div
      class="rc-table-content"
      style="overflow-x: auto; overflow-y: hidden;"
    >
      <table
        style="width: 1px; min-width: 100%; table-layout: fixed;"
      >
        <colgroup>
          <col
            style="width: 100px;"
          />
          <col
            style="width: 100px;"
          />
          <col />
          <col />
          <col />
          <col />
          <col />
          <col />
          <col />
          <col />
          <col />
          <col
            style="width: 100px;"
          />
        </colgroup>
        <thead
          class="rc-table-thead"
        >
          <tr>
            <th
              class="rc-table-cell rc-table-cell-fix-right"
              style="position: sticky; right: 0px;"
            >
              title1
            </th>
            <th
              class="rc-table-cell rc-table-cell-fix-right rc-table-cell-fix-right-last rc-table-cell-ellipsis"
              style="position: sticky; right: 0px;"
              title="title2"
            >
              title2
            </th>
            <th
              class="rc-table-cell"
            >
              title3
            </th>
            <th
              class="rc-table-cell"
            >
              title4
            </th>
            <th
              class="rc-table-cell"
            >
              title5
            </th>
            <th
              class="rc-table-cell"
            >
              title6
            </th>
            <th
              class="rc-table-cell"
            >
              title7
            </th>
            <th
              class="rc-table-cell"
            >
              title8
            </th>
            <th
              class="rc-table-cell"
            >
              title9
            </th>
            <th
              class="rc-table-cell"
            >
              title10
            </th>
            <th
              class="rc-table-cell"
            >
              title11
            </th>
            <th
              class="rc-table-cell rc-table-cell-fix-left rc-table-cell-fix-left-first"
              style="position: sticky; left: 0px;"
            >
              title12
            </th>
          </tr>
        </thead>
        <tbody
          class="rc-table-tbody"
        >
          <tr
            aria-hidden="true"
            class="rc-table-measure-row"
            style="height: 0px; font-size: 0;"
          >
            <td
              style="padding: 0px; border: 0px; height: 0px;"
            >
              <div
                style="height: 0px; overflow: hidden;"
              >
                 
              </div>
            </td>
            <td
              style="padding: 0px; border: 0px; height: 0px;"
            >
              <div
                style="height: 0px; overflow: hidden;"
              >
                 
              </div>
            </td>
            <td
              style="padding: 0px; border: 0px; height: 0px;"
            >
              <div
                style="height: 0px; overflow: hidden;"
              >
                 
              </div>
            </td>
            <td
              style="padding: 0px; border: 0px; height: 0px;"
            >
              <div
                style="height: 0px; overflow: hidden;"
              >
                 
              </div>
            </td>
            <td
              style="padding: 0px; border: 0px; height: 0px;"
            >
              <div
                style="height: 0px; overflow: hidden;"
              >
                 
              </div>
            </td>
            <td
              style="padding: 0px; border: 0px; height: 0px;"
            >
              <div
                style="height: 0px; overflow: hidden;"
              >
                 
              </div>
            </td>
            <td
              style="padding: 0px; border: 0px; height: 0px;"
            >
              <div
                style="height: 0px; overflow: hidden;"
              >
                 
              </div>
            </td>
            <td
              style="padding: 0px; border: 0px; height: 0px;"
            >
              <div
                style="height: 0px; overflow: hidden;"
              >
                 
              </div>
            </td>
            <td
              style="padding: 0px; border: 0px; height: 0px;"
            >
              <div
                style="height: 0px; overflow: hidden;"
              >
                 
              </div>
            </td>
            <td
              style="padding: 0px; border: 0px; height: 0px;"
            >
              <div
                style="height: 0px; overflow: hidden;"
              >
                 
              </div>
            </td>
            <td
              style="padding: 0px; border: 0px; height: 0px;"
            >
              <div
                style="height: 0px; overflow: hidden;"
              >
                 
              </div>
            </td>
            <td
              style="padding: 0px; border: 0px; height: 0px;"
            >
              <div
                style="height: 0px; overflow: hidden;"
              >
                 
              </div>
            </td>
          </tr>
          <tr
            class="rc-table-row rc-table-row-level-0"
            data-row-key="1"
          >
            <td
              class="rc-table-cell rc-table-cell-fix-right"
              style="position: sticky; right: 0px;"
            >
              123
            </td>
            <td
              class="rc-table-cell rc-table-cell-fix-right rc-table-cell-fix-right-last rc-table-cell-ellipsis"
              style="position: sticky; right: 0px;"
              title="1111"
            >
              <span>
                1111
              </span>
            </td>
            <td
              class="rc-table-cell"
            />
            <td
              class="rc-table-cell"
            >
              xxxxxxxx
            </td>
            <td
              class="rc-table-cell"
            >
              xxxxxxxx
            </td>
            <td
              class="rc-table-cell"
            >
              xxxxxxxx
            </td>
            <td
              class="rc-table-cell"
            >
              xxxxxxxx
            </td>
            <td
              class="rc-table-cell"
            >
              xxxxxxxx
            </td>
            <td
              class="rc-table-cell"
            >
              xxxxxxxx
            </td>
            <td
              class="rc-table-cell"
            >
              xxxxxxxx
            </td>
            <td
              class="rc-table-cell"
            >
              xxxxxxxx
            </td>
            <td
              class="rc-table-cell rc-table-cell-fix-left rc-table-cell-fix-left-first"
              style="position: sticky; left: 0px;"
            >
              xxxxxxxx
            </td>
          </tr>
          <tr
            class="rc-table-row rc-table-row-level-0"
            data-row-key="2"
          >
            <td
              class="rc-table-cell rc-table-cell-fix-right"
              style="position: sticky; right: 0px;"
            >
              cdd
            </td>
            <td
              class="rc-table-cell rc-table-cell-fix-right rc-table-cell-fix-right-last rc-table-cell-ellipsis"
              style="position: sticky; right: 0px;"
              title="1111"
            >
              <span>
                1111
              </span>
            </td>
            <td
              class="rc-table-cell"
            />
            <td
              class="rc-table-cell"
            >
              edd12221
            </td>
            <td
              class="rc-table-cell"
            >
              edd12221
            </td>
            <td
              class="rc-table-cell"
            >
              edd12221
            </td>
            <td
              class="rc-table-cell"
            >
              edd12221
            </td>
            <td
              class="rc-table-cell"
            >
              edd12221
            </td>
            <td
              class="rc-table-cell"
            >
              edd12221
            </td>
            <td
              class="rc-table-cell"
            >
              edd12221
            </td>
            <td
              class="rc-table-cell"
            >
              edd12221
            </td>
            <td
              class="rc-table-cell rc-table-cell-fix-left rc-table-cell-fix-left-first"
              style="position: sticky; left: 0px;"
            >
              edd12221
            </td>
          </tr>
          <tr
            class="rc-table-row rc-table-row-level-0"
            data-row-key="3"
          >
            <td
              class="rc-table-cell rc-table-cell-fix-right"
              style="position: sticky; right: 0px;"
            >
              133
            </td>
            <td
              class="rc-table-cell rc-table-cell-fix-right rc-table-cell-fix-right-last rc-table-cell-ellipsis"
              style="position: sticky; right: 0px;"
              title="1111"
            >
              <span>
                1111
              </span>
            </td>
            <td
              class="rc-table-cell"
            >
              edd12221
            </td>
            <td
              class="rc-table-cell"
            />
            <td
              class="rc-table-cell"
            />
            <td
              class="rc-table-cell"
            />
            <td
              class="rc-table-cell"
            />
            <td
              class="rc-table-cell"
            />
            <td
              class="rc-table-cell"
            />
            <td
              class="rc-table-cell"
            />
            <td
              class="rc-table-cell"
            />
            <td
              class="rc-table-cell rc-table-cell-fix-left rc-table-cell-fix-left-first"
              style="position: sticky; left: 0px;"
            />
          </tr>
          <tr
            class="rc-table-row rc-table-row-level-0"
            data-row-key="4"
          >
            <td
              class="rc-table-cell rc-table-cell-fix-right"
              style="position: sticky; right: 0px;"
            >
              133
            </td>
            <td
              class="rc-table-cell rc-table-cell-fix-right rc-table-cell-fix-right-last rc-table-cell-ellipsis"
              style="position: sticky; right: 0px;"
              title="1111"
            >
              <span>
                1111
              </span>
            </td>
            <td
              class="rc-table-cell"
            >
              edd12221
            </td>
            <td
              class="rc-table-cell"
            />
            <td
              class="rc-table-cell"
            />
            <td
              class="rc-table-cell"
            />
            <td
              class="rc-table-cell"
            />
            <td
              class="rc-table-cell"
            />
            <td
              class="rc-table-cell"
            />
            <td
              class="rc-table-cell"
            />
            <td
              class="rc-table-cell"
            />
            <td
              class="rc-table-cell rc-table-cell-fix-left rc-table-cell-fix-left-first"
              style="position: sticky; left: 0px;"
            />
          </tr>
          <tr
            class="rc-table-row rc-table-row-level-0"
            data-row-key="5"
          >
            <td
              class="rc-table-cell rc-table-cell-fix-right"
              style="position: sticky; right: 0px;"
            >
              133
            </td>
            <td
              class="rc-table-cell rc-table-cell-fix-right rc-table-cell-fix-right-last rc-table-cell-ellipsis"
              style="position: sticky; right: 0px;"
              title="1111"
            >
              <span>
                1111
              </span>
            </td>
            <td
              class="rc-table-cell"
            >
              edd12221
            </td>
            <td
              class="rc-table-cell"
            />
            <td
              class="rc-table-cell"
            />
            <td
              class="rc-table-cell"
            />
            <td
              class="rc-table-cell"
            />
            <td
              class="rc-table-cell"
            />
            <td
              class="rc-table-cell"
            />
            <td
              class="rc-table-cell"
            />
            <td
              class="rc-table-cell"
            />
            <td
              class="rc-table-cell rc-table-cell-fix-left rc-table-cell-fix-left-first"
              style="position: sticky; left: 0px;"
            />
          </tr>
          <tr
            class="rc-table-row rc-table-row-level-0"
            data-row-key="6"
          >
            <td
              class="rc-table-cell rc-table-cell-fix-right"
              style="position: sticky; right: 0px;"
            >
              133
            </td>
            <td
              class="rc-table-cell rc-table-cell-fix-right rc-table-cell-fix-right-last rc-table-cell-ellipsis"
              style="position: sticky; right: 0px;"
              title="1111"
            >
              <span>
                1111
              </span>
            </td>
            <td
              class="rc-table-cell"
            >
              edd12221
            </td>
            <td
              class="rc-table-cell"
            />
            <td
              class="rc-table-cell"
            />
            <td
              class="rc-table-cell"
            />
            <td
              class="rc-table-cell"
            />
            <td
              class="rc-table-cell"
            />
            <td
              class="rc-table-cell"
            />
            <td
              class="rc-table-cell"
            />
            <td
              class="rc-table-cell"
            />
            <td
              class="rc-table-cell rc-table-cell-fix-left rc-table-cell-fix-left-first"
              style="position: sticky; left: 0px;"
            />
          </tr>
          <tr
            class="rc-table-row rc-table-row-level-0"
            data-row-key="7"
          >
            <td
              class="rc-table-cell rc-table-cell-fix-right"
              style="position: sticky; right: 0px;"
            >
              133
            </td>
            <td
              class="rc-table-cell rc-table-cell-fix-right rc-table-cell-fix-right-last rc-table-cell-ellipsis"
              style="position: sticky; right: 0px;"
              title="1111"
            >
              <span>
                1111
              </span>
            </td>
            <td
              class="rc-table-cell"
            >
              edd12221
            </td>
            <td
              class="rc-table-cell"
            />
            <td
              class="rc-table-cell"
            />
            <td
              class="rc-table-cell"
            />
            <td
              class="rc-table-cell"
            />
            <td
              class="rc-table-cell"
            />
            <td
              class="rc-table-cell"
            />
            <td
              class="rc-table-cell"
            />
            <td
              class="rc-table-cell"
            />
            <td
              class="rc-table-cell rc-table-cell-fix-left rc-table-cell-fix-left-first"
              style="position: sticky; left: 0px;"
            />
          </tr>
          <tr
            class="rc-table-row rc-table-row-level-0"
            data-row-key="8"
          >
            <td
              class="rc-table-cell rc-table-cell-fix-right"
              style="position: sticky; right: 0px;"
            >
              133
            </td>
            <td
              class="rc-table-cell rc-table-cell-fix-right rc-table-cell-fix-right-last rc-table-cell-ellipsis"
              style="position: sticky; right: 0px;"
              title="1111"
            >
              <span>
                1111
              </span>
            </td>
            <td
              class="rc-table-cell"
            >
              edd12221
            </td>
            <td
              class="rc-table-cell"
            />
            <td
              class="rc-table-cell"
            />
            <td
              class="rc-table-cell"
            />
            <td
              class="rc-table-cell"
            />
            <td
              class="rc-table-cell"
            />
            <td
              class="rc-table-cell"
            />
            <td
              class="rc-table-cell"
            />
            <td
              class="rc-table-cell"
            />
            <td
              class="rc-table-cell rc-table-cell-fix-left rc-table-cell-fix-left-first"
              style="position: sticky; left: 0px;"
            />
          </tr>
          <tr
            class="rc-table-row rc-table-row-level-0"
            data-row-key="9"
          >
            <td
              class="rc-table-cell rc-table-cell-fix-right"
              style="position: sticky; right: 0px;"
            >
              133
            </td>
            <td
              class="rc-table-cell rc-table-cell-fix-right rc-table-cell-fix-right-last rc-table-cell-ellipsis"
              style="position: sticky; right: 0px;"
              title="1111"
            >
              <span>
                1111
              </span>
            </td>
            <td
              class="rc-table-cell"
            >
              edd12221
            </td>
            <td
              class="rc-table-cell"
            />
            <td
              class="rc-table-cell"
            />
            <td
              class="rc-table-cell"
            />
            <td
              class="rc-table-cell"
            />
            <td
              class="rc-table-cell"
            />
            <td
              class="rc-table-cell"
            />
            <td
              class="rc-table-cell"
            />
            <td
              class="rc-table-cell"
            />
            <td
              class="rc-table-cell rc-table-cell-fix-left rc-table-cell-fix-left-first"
              style="position: sticky; left: 0px;"
            />
          </tr>
        </tbody>
      </table>
    </div>
  </div>
</div>
`;

exports[`Table.FixedColumn renders correctly all column has width should use it 1`] = `
<colgroup>
  <col
    style="width: 100px;"
  />
  <col
    style="width: 100px;"
  />
</colgroup>
`;

exports[`Table.FixedColumn renders correctly scrollX - with data 1`] = `
<div
  class="rc-table rc-table-fixed-column rc-table-scroll-horizontal rc-table-has-fix-left rc-table-has-fix-right"
>
  <div
    class="rc-table-container"
  >
    <div
      class="rc-table-content"
      style="overflow-x: auto; overflow-y: hidden;"
    >
      <table
        style="width: 1200px; min-width: 100%; table-layout: fixed;"
      >
        <colgroup>
          <col
            style="width: 100px;"
          />
          <col
            style="width: 100px;"
          />
          <col />
          <col />
          <col />
          <col />
          <col />
          <col />
          <col />
          <col />
          <col />
          <col
            style="width: 100px;"
          />
        </colgroup>
        <thead
          class="rc-table-thead"
        >
          <tr>
            <th
              class="rc-table-cell rc-table-cell-fix-left"
              style="position: sticky; left: 0px;"
            >
              title1
            </th>
            <th
              class="rc-table-cell rc-table-cell-fix-left rc-table-cell-fix-left-last rc-table-cell-ellipsis"
              style="position: sticky; left: 93px;"
              title="title2"
            >
              <span
                class="rc-table-cell-content"
              >
                title2
              </span>
            </th>
            <th
              class="rc-table-cell"
            >
              title3
            </th>
            <th
              class="rc-table-cell"
            >
              title4
            </th>
            <th
              class="rc-table-cell"
            >
              title5
            </th>
            <th
              class="rc-table-cell"
            >
              title6
            </th>
            <th
              class="rc-table-cell"
            >
              title7
            </th>
            <th
              class="rc-table-cell"
            >
              title8
            </th>
            <th
              class="rc-table-cell"
            >
              title9
            </th>
            <th
              class="rc-table-cell"
            >
              title10
            </th>
            <th
              class="rc-table-cell"
            >
              title11
            </th>
            <th
              class="rc-table-cell rc-table-cell-fix-right rc-table-cell-fix-right-first"
              style="position: sticky; right: 0px;"
            >
              title12
            </th>
          </tr>
        </thead>
        <tbody
          class="rc-table-tbody"
        >
          <tr
            aria-hidden="true"
            class="rc-table-measure-row"
            style="height: 0px; font-size: 0;"
          >
            <td
              style="padding: 0px; border: 0px; height: 0px;"
            >
              <div
                style="height: 0px; overflow: hidden;"
              >
                 
              </div>
            </td>
            <td
              style="padding: 0px; border: 0px; height: 0px;"
            >
              <div
                style="height: 0px; overflow: hidden;"
              >
                 
              </div>
            </td>
            <td
              style="padding: 0px; border: 0px; height: 0px;"
            >
              <div
                style="height: 0px; overflow: hidden;"
              >
                 
              </div>
            </td>
            <td
              style="padding: 0px; border: 0px; height: 0px;"
            >
              <div
                style="height: 0px; overflow: hidden;"
              >
                 
              </div>
            </td>
            <td
              style="padding: 0px; border: 0px; height: 0px;"
            >
              <div
                style="height: 0px; overflow: hidden;"
              >
                 
              </div>
            </td>
            <td
              style="padding: 0px; border: 0px; height: 0px;"
            >
              <div
                style="height: 0px; overflow: hidden;"
              >
                 
              </div>
            </td>
            <td
              style="padding: 0px; border: 0px; height: 0px;"
            >
              <div
                style="height: 0px; overflow: hidden;"
              >
                 
              </div>
            </td>
            <td
              style="padding: 0px; border: 0px; height: 0px;"
            >
              <div
                style="height: 0px; overflow: hidden;"
              >
                 
              </div>
            </td>
            <td
              style="padding: 0px; border: 0px; height: 0px;"
            >
              <div
                style="height: 0px; overflow: hidden;"
              >
                 
              </div>
            </td>
            <td
              style="padding: 0px; border: 0px; height: 0px;"
            >
              <div
                style="height: 0px; overflow: hidden;"
              >
                 
              </div>
            </td>
            <td
              style="padding: 0px; border: 0px; height: 0px;"
            >
              <div
                style="height: 0px; overflow: hidden;"
              >
                 
              </div>
            </td>
            <td
              style="padding: 0px; border: 0px; height: 0px;"
            >
              <div
                style="height: 0px; overflow: hidden;"
              >
                 
              </div>
            </td>
          </tr>
          <tr
            class="rc-table-row rc-table-row-level-0"
            data-row-key="1"
          >
            <td
              class="rc-table-cell rc-table-cell-fix-left"
              style="position: sticky; left: 0px;"
            >
              123
            </td>
            <td
              class="rc-table-cell rc-table-cell-fix-left rc-table-cell-fix-left-last rc-table-cell-ellipsis"
              style="position: sticky; left: 93px;"
              title="1111"
            >
              <span
                class="rc-table-cell-content"
              >
                <span>
                  1111
                </span>
              </span>
            </td>
            <td
              class="rc-table-cell"
            />
            <td
              class="rc-table-cell"
            >
              xxxxxxxx
            </td>
            <td
              class="rc-table-cell"
            >
              xxxxxxxx
            </td>
            <td
              class="rc-table-cell"
            >
              xxxxxxxx
            </td>
            <td
              class="rc-table-cell"
            >
              xxxxxxxx
            </td>
            <td
              class="rc-table-cell"
            >
              xxxxxxxx
            </td>
            <td
              class="rc-table-cell"
            >
              xxxxxxxx
            </td>
            <td
              class="rc-table-cell"
            >
              xxxxxxxx
            </td>
            <td
              class="rc-table-cell"
            >
              xxxxxxxx
            </td>
            <td
              class="rc-table-cell rc-table-cell-fix-right rc-table-cell-fix-right-first"
              style="position: sticky; right: 0px;"
            >
              xxxxxxxx
            </td>
          </tr>
          <tr
            class="rc-table-row rc-table-row-level-0"
            data-row-key="2"
          >
            <td
              class="rc-table-cell rc-table-cell-fix-left"
              style="position: sticky; left: 0px;"
            >
              cdd
            </td>
            <td
              class="rc-table-cell rc-table-cell-fix-left rc-table-cell-fix-left-last rc-table-cell-ellipsis"
              style="position: sticky; left: 93px;"
              title="1111"
            >
              <span
                class="rc-table-cell-content"
              >
                <span>
                  1111
                </span>
              </span>
            </td>
            <td
              class="rc-table-cell"
            />
            <td
              class="rc-table-cell"
            >
              edd12221
            </td>
            <td
              class="rc-table-cell"
            >
              edd12221
            </td>
            <td
              class="rc-table-cell"
            >
              edd12221
            </td>
            <td
              class="rc-table-cell"
            >
              edd12221
            </td>
            <td
              class="rc-table-cell"
            >
              edd12221
            </td>
            <td
              class="rc-table-cell"
            >
              edd12221
            </td>
            <td
              class="rc-table-cell"
            >
              edd12221
            </td>
            <td
              class="rc-table-cell"
            >
              edd12221
            </td>
            <td
              class="rc-table-cell rc-table-cell-fix-right rc-table-cell-fix-right-first"
              style="position: sticky; right: 0px;"
            >
              edd12221
            </td>
          </tr>
          <tr
            class="rc-table-row rc-table-row-level-0"
            data-row-key="3"
          >
            <td
              class="rc-table-cell rc-table-cell-fix-left"
              style="position: sticky; left: 0px;"
            >
              133
            </td>
            <td
              class="rc-table-cell rc-table-cell-fix-left rc-table-cell-fix-left-last rc-table-cell-ellipsis"
              style="position: sticky; left: 93px;"
              title="1111"
            >
              <span
                class="rc-table-cell-content"
              >
                <span>
                  1111
                </span>
              </span>
            </td>
            <td
              class="rc-table-cell"
            >
              edd12221
            </td>
            <td
              class="rc-table-cell"
            />
            <td
              class="rc-table-cell"
            />
            <td
              class="rc-table-cell"
            />
            <td
              class="rc-table-cell"
            />
            <td
              class="rc-table-cell"
            />
            <td
              class="rc-table-cell"
            />
            <td
              class="rc-table-cell"
            />
            <td
              class="rc-table-cell"
            />
            <td
              class="rc-table-cell rc-table-cell-fix-right rc-table-cell-fix-right-first"
              style="position: sticky; right: 0px;"
            />
          </tr>
          <tr
            class="rc-table-row rc-table-row-level-0"
            data-row-key="4"
          >
            <td
              class="rc-table-cell rc-table-cell-fix-left"
              style="position: sticky; left: 0px;"
            >
              133
            </td>
            <td
              class="rc-table-cell rc-table-cell-fix-left rc-table-cell-fix-left-last rc-table-cell-ellipsis"
              style="position: sticky; left: 93px;"
              title="1111"
            >
              <span
                class="rc-table-cell-content"
              >
                <span>
                  1111
                </span>
              </span>
            </td>
            <td
              class="rc-table-cell"
            >
              edd12221
            </td>
            <td
              class="rc-table-cell"
            />
            <td
              class="rc-table-cell"
            />
            <td
              class="rc-table-cell"
            />
            <td
              class="rc-table-cell"
            />
            <td
              class="rc-table-cell"
            />
            <td
              class="rc-table-cell"
            />
            <td
              class="rc-table-cell"
            />
            <td
              class="rc-table-cell"
            />
            <td
              class="rc-table-cell rc-table-cell-fix-right rc-table-cell-fix-right-first"
              style="position: sticky; right: 0px;"
            />
          </tr>
          <tr
            class="rc-table-row rc-table-row-level-0"
            data-row-key="5"
          >
            <td
              class="rc-table-cell rc-table-cell-fix-left"
              style="position: sticky; left: 0px;"
            >
              133
            </td>
            <td
              class="rc-table-cell rc-table-cell-fix-left rc-table-cell-fix-left-last rc-table-cell-ellipsis"
              style="position: sticky; left: 93px;"
              title="1111"
            >
              <span
                class="rc-table-cell-content"
              >
                <span>
                  1111
                </span>
              </span>
            </td>
            <td
              class="rc-table-cell"
            >
              edd12221
            </td>
            <td
              class="rc-table-cell"
            />
            <td
              class="rc-table-cell"
            />
            <td
              class="rc-table-cell"
            />
            <td
              class="rc-table-cell"
            />
            <td
              class="rc-table-cell"
            />
            <td
              class="rc-table-cell"
            />
            <td
              class="rc-table-cell"
            />
            <td
              class="rc-table-cell"
            />
            <td
              class="rc-table-cell rc-table-cell-fix-right rc-table-cell-fix-right-first"
              style="position: sticky; right: 0px;"
            />
          </tr>
          <tr
            class="rc-table-row rc-table-row-level-0"
            data-row-key="6"
          >
            <td
              class="rc-table-cell rc-table-cell-fix-left"
              style="position: sticky; left: 0px;"
            >
              133
            </td>
            <td
              class="rc-table-cell rc-table-cell-fix-left rc-table-cell-fix-left-last rc-table-cell-ellipsis"
              style="position: sticky; left: 93px;"
              title="1111"
            >
              <span
                class="rc-table-cell-content"
              >
                <span>
                  1111
                </span>
              </span>
            </td>
            <td
              class="rc-table-cell"
            >
              edd12221
            </td>
            <td
              class="rc-table-cell"
            />
            <td
              class="rc-table-cell"
            />
            <td
              class="rc-table-cell"
            />
            <td
              class="rc-table-cell"
            />
            <td
              class="rc-table-cell"
            />
            <td
              class="rc-table-cell"
            />
            <td
              class="rc-table-cell"
            />
            <td
              class="rc-table-cell"
            />
            <td
              class="rc-table-cell rc-table-cell-fix-right rc-table-cell-fix-right-first"
              style="position: sticky; right: 0px;"
            />
          </tr>
          <tr
            class="rc-table-row rc-table-row-level-0"
            data-row-key="7"
          >
            <td
              class="rc-table-cell rc-table-cell-fix-left"
              style="position: sticky; left: 0px;"
            >
              133
            </td>
            <td
              class="rc-table-cell rc-table-cell-fix-left rc-table-cell-fix-left-last rc-table-cell-ellipsis"
              style="position: sticky; left: 93px;"
              title="1111"
            >
              <span
                class="rc-table-cell-content"
              >
                <span>
                  1111
                </span>
              </span>
            </td>
            <td
              class="rc-table-cell"
            >
              edd12221
            </td>
            <td
              class="rc-table-cell"
            />
            <td
              class="rc-table-cell"
            />
            <td
              class="rc-table-cell"
            />
            <td
              class="rc-table-cell"
            />
            <td
              class="rc-table-cell"
            />
            <td
              class="rc-table-cell"
            />
            <td
              class="rc-table-cell"
            />
            <td
              class="rc-table-cell"
            />
            <td
              class="rc-table-cell rc-table-cell-fix-right rc-table-cell-fix-right-first"
              style="position: sticky; right: 0px;"
            />
          </tr>
          <tr
            class="rc-table-row rc-table-row-level-0"
            data-row-key="8"
          >
            <td
              class="rc-table-cell rc-table-cell-fix-left"
              style="position: sticky; left: 0px;"
            >
              133
            </td>
            <td
              class="rc-table-cell rc-table-cell-fix-left rc-table-cell-fix-left-last rc-table-cell-ellipsis"
              style="position: sticky; left: 93px;"
              title="1111"
            >
              <span
                class="rc-table-cell-content"
              >
                <span>
                  1111
                </span>
              </span>
            </td>
            <td
              class="rc-table-cell"
            >
              edd12221
            </td>
            <td
              class="rc-table-cell"
            />
            <td
              class="rc-table-cell"
            />
            <td
              class="rc-table-cell"
            />
            <td
              class="rc-table-cell"
            />
            <td
              class="rc-table-cell"
            />
            <td
              class="rc-table-cell"
            />
            <td
              class="rc-table-cell"
            />
            <td
              class="rc-table-cell"
            />
            <td
              class="rc-table-cell rc-table-cell-fix-right rc-table-cell-fix-right-first"
              style="position: sticky; right: 0px;"
            />
          </tr>
          <tr
            class="rc-table-row rc-table-row-level-0"
            data-row-key="9"
          >
            <td
              class="rc-table-cell rc-table-cell-fix-left"
              style="position: sticky; left: 0px;"
            >
              133
            </td>
            <td
              class="rc-table-cell rc-table-cell-fix-left rc-table-cell-fix-left-last rc-table-cell-ellipsis"
              style="position: sticky; left: 93px;"
              title="1111"
            >
              <span
                class="rc-table-cell-content"
              >
                <span>
                  1111
                </span>
              </span>
            </td>
            <td
              class="rc-table-cell"
            >
              edd12221
            </td>
            <td
              class="rc-table-cell"
            />
            <td
              class="rc-table-cell"
            />
            <td
              class="rc-table-cell"
            />
            <td
              class="rc-table-cell"
            />
            <td
              class="rc-table-cell"
            />
            <td
              class="rc-table-cell"
            />
            <td
              class="rc-table-cell"
            />
            <td
              class="rc-table-cell"
            />
            <td
              class="rc-table-cell rc-table-cell-fix-right rc-table-cell-fix-right-first"
              style="position: sticky; right: 0px;"
            />
          </tr>
        </tbody>
      </table>
    </div>
  </div>
</div>
`;

exports[`Table.FixedColumn renders correctly scrollX - without data 1`] = `
<div
  class="rc-table rc-table-fixed-column rc-table-scroll-horizontal rc-table-has-fix-left rc-table-has-fix-right"
>
  <div
    class="rc-table-container"
  >
    <div
      class="rc-table-content"
      style="overflow-x: auto; overflow-y: hidden;"
    >
      <table
        style="width: 1200px; min-width: 100%; table-layout: fixed;"
      >
        <colgroup>
          <col
            style="width: 100px;"
          />
          <col
            style="width: 100px;"
          />
          <col />
          <col />
          <col />
          <col />
          <col />
          <col />
          <col />
          <col />
          <col />
          <col
            style="width: 100px;"
          />
        </colgroup>
        <thead
          class="rc-table-thead"
        >
          <tr>
            <th
              class="rc-table-cell rc-table-cell-fix-left"
              style="position: sticky; left: 0px;"
            >
              title1
            </th>
            <th
              class="rc-table-cell rc-table-cell-fix-left rc-table-cell-fix-left-last rc-table-cell-ellipsis"
              style="position: sticky; left: 93px;"
              title="title2"
            >
              <span
                class="rc-table-cell-content"
              >
                title2
              </span>
            </th>
            <th
              class="rc-table-cell"
            >
              title3
            </th>
            <th
              class="rc-table-cell"
            >
              title4
            </th>
            <th
              class="rc-table-cell"
            >
              title5
            </th>
            <th
              class="rc-table-cell"
            >
              title6
            </th>
            <th
              class="rc-table-cell"
            >
              title7
            </th>
            <th
              class="rc-table-cell"
            >
              title8
            </th>
            <th
              class="rc-table-cell"
            >
              title9
            </th>
            <th
              class="rc-table-cell"
            >
              title10
            </th>
            <th
              class="rc-table-cell"
            >
              title11
            </th>
            <th
              class="rc-table-cell rc-table-cell-fix-right rc-table-cell-fix-right-first"
              style="position: sticky; right: 0px;"
            >
              title12
            </th>
          </tr>
        </thead>
        <tbody
          class="rc-table-tbody"
        >
          <tr
            aria-hidden="true"
            class="rc-table-measure-row"
            style="height: 0px; font-size: 0;"
          >
            <td
              style="padding: 0px; border: 0px; height: 0px;"
            >
              <div
                style="height: 0px; overflow: hidden;"
              >
                 
              </div>
            </td>
            <td
              style="padding: 0px; border: 0px; height: 0px;"
            >
              <div
                style="height: 0px; overflow: hidden;"
              >
                 
              </div>
            </td>
            <td
              style="padding: 0px; border: 0px; height: 0px;"
            >
              <div
                style="height: 0px; overflow: hidden;"
              >
                 
              </div>
            </td>
            <td
              style="padding: 0px; border: 0px; height: 0px;"
            >
              <div
                style="height: 0px; overflow: hidden;"
              >
                 
              </div>
            </td>
            <td
              style="padding: 0px; border: 0px; height: 0px;"
            >
              <div
                style="height: 0px; overflow: hidden;"
              >
                 
              </div>
            </td>
            <td
              style="padding: 0px; border: 0px; height: 0px;"
            >
              <div
                style="height: 0px; overflow: hidden;"
              >
                 
              </div>
            </td>
            <td
              style="padding: 0px; border: 0px; height: 0px;"
            >
              <div
                style="height: 0px; overflow: hidden;"
              >
                 
              </div>
            </td>
            <td
              style="padding: 0px; border: 0px; height: 0px;"
            >
              <div
                style="height: 0px; overflow: hidden;"
              >
                 
              </div>
            </td>
            <td
              style="padding: 0px; border: 0px; height: 0px;"
            >
              <div
                style="height: 0px; overflow: hidden;"
              >
                 
              </div>
            </td>
            <td
              style="padding: 0px; border: 0px; height: 0px;"
            >
              <div
                style="height: 0px; overflow: hidden;"
              >
                 
              </div>
            </td>
            <td
              style="padding: 0px; border: 0px; height: 0px;"
            >
              <div
                style="height: 0px; overflow: hidden;"
              >
                 
              </div>
            </td>
            <td
              style="padding: 0px; border: 0px; height: 0px;"
            >
              <div
                style="height: 0px; overflow: hidden;"
              >
                 
              </div>
            </td>
          </tr>
          <tr
            class="rc-table-placeholder"
          >
            <td
              class="rc-table-cell"
              colspan="12"
            >
              <div
                class="rc-table-expanded-row-fixed"
                style="width: 0px; position: sticky; left: 0px; overflow: hidden;"
              >
                No Data
              </div>
            </td>
          </tr>
        </tbody>
      </table>
    </div>
  </div>
</div>
`;

exports[`Table.FixedColumn renders correctly scrollXY - with data 1`] = `
<div
  class="rc-table rc-table-fixed-header rc-table-fixed-column rc-table-scroll-horizontal rc-table-has-fix-left rc-table-has-fix-right"
>
  <div
    class="rc-table-container"
  >
    <div
      class="rc-table-header"
      style="overflow: hidden;"
    >
      <table
        style="table-layout: fixed;"
      >
        <colgroup>
          <col
            style="width: 93px;"
          />
          <col
            style="width: 0px;"
          />
          <col
            style="width: 0px;"
          />
          <col
            style="width: 0px;"
          />
          <col
            style="width: 0px;"
          />
          <col
            style="width: 0px;"
          />
          <col
            style="width: 0px;"
          />
          <col
            style="width: 0px;"
          />
          <col
            style="width: 0px;"
          />
          <col
            style="width: 0px;"
          />
          <col
            style="width: 0px;"
          />
          <col
            style="width: 0px;"
          />
          <col
            style="width: 15px;"
          />
        </colgroup>
        <thead
          class="rc-table-thead"
        >
          <tr>
            <th
              class="rc-table-cell rc-table-cell-fix-left"
              style="position: sticky; left: 0px;"
            >
              title1
            </th>
            <th
              class="rc-table-cell rc-table-cell-fix-left rc-table-cell-fix-left-last rc-table-cell-ellipsis"
              style="position: sticky; left: 93px;"
              title="title2"
            >
              <span
                class="rc-table-cell-content"
              >
                title2
              </span>
            </th>
            <th
              class="rc-table-cell"
            >
              title3
            </th>
            <th
              class="rc-table-cell"
            >
              title4
            </th>
            <th
              class="rc-table-cell"
            >
              title5
            </th>
            <th
              class="rc-table-cell"
            >
              title6
            </th>
            <th
              class="rc-table-cell"
            >
              title7
            </th>
            <th
              class="rc-table-cell"
            >
              title8
            </th>
            <th
              class="rc-table-cell"
            >
              title9
            </th>
            <th
              class="rc-table-cell"
            >
              title10
            </th>
            <th
              class="rc-table-cell"
            >
              title11
            </th>
            <th
              class="rc-table-cell rc-table-cell-fix-right rc-table-cell-fix-right-first"
              style="position: sticky; right: 15px;"
            >
              title12
            </th>
            <th
              class="rc-table-cell rc-table-cell-fix-right rc-table-cell-scrollbar"
              style="position: sticky; right: 0px;"
            />
          </tr>
        </thead>
      </table>
    </div>
    <div
      class="rc-table-body"
      style="overflow-x: auto; overflow-y: scroll; max-height: 100px;"
    >
      <table
        style="width: 1200px; min-width: 100%; table-layout: fixed;"
      >
        <colgroup>
          <col
            style="width: 100px;"
          />
          <col
            style="width: 100px;"
          />
          <col />
          <col />
          <col />
          <col />
          <col />
          <col />
          <col />
          <col />
          <col />
          <col
            style="width: 100px;"
          />
        </colgroup>
        <tbody
          class="rc-table-tbody"
        >
          <tr
            aria-hidden="true"
            class="rc-table-measure-row"
            style="height: 0px; font-size: 0;"
          >
            <td
              style="padding: 0px; border: 0px; height: 0px;"
            >
              <div
                style="height: 0px; overflow: hidden;"
              >
                 
              </div>
            </td>
            <td
              style="padding: 0px; border: 0px; height: 0px;"
            >
              <div
                style="height: 0px; overflow: hidden;"
              >
                 
              </div>
            </td>
            <td
              style="padding: 0px; border: 0px; height: 0px;"
            >
              <div
                style="height: 0px; overflow: hidden;"
              >
                 
              </div>
            </td>
            <td
              style="padding: 0px; border: 0px; height: 0px;"
            >
              <div
                style="height: 0px; overflow: hidden;"
              >
                 
              </div>
            </td>
            <td
              style="padding: 0px; border: 0px; height: 0px;"
            >
              <div
                style="height: 0px; overflow: hidden;"
              >
                 
              </div>
            </td>
            <td
              style="padding: 0px; border: 0px; height: 0px;"
            >
              <div
                style="height: 0px; overflow: hidden;"
              >
                 
              </div>
            </td>
            <td
              style="padding: 0px; border: 0px; height: 0px;"
            >
              <div
                style="height: 0px; overflow: hidden;"
              >
                 
              </div>
            </td>
            <td
              style="padding: 0px; border: 0px; height: 0px;"
            >
              <div
                style="height: 0px; overflow: hidden;"
              >
                 
              </div>
            </td>
            <td
              style="padding: 0px; border: 0px; height: 0px;"
            >
              <div
                style="height: 0px; overflow: hidden;"
              >
                 
              </div>
            </td>
            <td
              style="padding: 0px; border: 0px; height: 0px;"
            >
              <div
                style="height: 0px; overflow: hidden;"
              >
                 
              </div>
            </td>
            <td
              style="padding: 0px; border: 0px; height: 0px;"
            >
              <div
                style="height: 0px; overflow: hidden;"
              >
                 
              </div>
            </td>
            <td
              style="padding: 0px; border: 0px; height: 0px;"
            >
              <div
                style="height: 0px; overflow: hidden;"
              >
                 
              </div>
            </td>
          </tr>
          <tr
            class="rc-table-row rc-table-row-level-0"
            data-row-key="1"
          >
            <td
              class="rc-table-cell rc-table-cell-fix-left"
              style="position: sticky; left: 0px;"
            >
              123
            </td>
            <td
              class="rc-table-cell rc-table-cell-fix-left rc-table-cell-fix-left-last rc-table-cell-ellipsis"
              style="position: sticky; left: 93px;"
              title="1111"
            >
              <span
                class="rc-table-cell-content"
              >
                <span>
                  1111
                </span>
              </span>
            </td>
            <td
              class="rc-table-cell"
            />
            <td
              class="rc-table-cell"
            >
              xxxxxxxx
            </td>
            <td
              class="rc-table-cell"
            >
              xxxxxxxx
            </td>
            <td
              class="rc-table-cell"
            >
              xxxxxxxx
            </td>
            <td
              class="rc-table-cell"
            >
              xxxxxxxx
            </td>
            <td
              class="rc-table-cell"
            >
              xxxxxxxx
            </td>
            <td
              class="rc-table-cell"
            >
              xxxxxxxx
            </td>
            <td
              class="rc-table-cell"
            >
              xxxxxxxx
            </td>
            <td
              class="rc-table-cell"
            >
              xxxxxxxx
            </td>
            <td
              class="rc-table-cell rc-table-cell-fix-right rc-table-cell-fix-right-first"
              style="position: sticky; right: 0px;"
            >
              xxxxxxxx
            </td>
          </tr>
          <tr
            class="rc-table-row rc-table-row-level-0"
            data-row-key="2"
          >
            <td
              class="rc-table-cell rc-table-cell-fix-left"
              style="position: sticky; left: 0px;"
            >
              cdd
            </td>
            <td
              class="rc-table-cell rc-table-cell-fix-left rc-table-cell-fix-left-last rc-table-cell-ellipsis"
              style="position: sticky; left: 93px;"
              title="1111"
            >
              <span
                class="rc-table-cell-content"
              >
                <span>
                  1111
                </span>
              </span>
            </td>
            <td
              class="rc-table-cell"
            />
            <td
              class="rc-table-cell"
            >
              edd12221
            </td>
            <td
              class="rc-table-cell"
            >
              edd12221
            </td>
            <td
              class="rc-table-cell"
            >
              edd12221
            </td>
            <td
              class="rc-table-cell"
            >
              edd12221
            </td>
            <td
              class="rc-table-cell"
            >
              edd12221
            </td>
            <td
              class="rc-table-cell"
            >
              edd12221
            </td>
            <td
              class="rc-table-cell"
            >
              edd12221
            </td>
            <td
              class="rc-table-cell"
            >
              edd12221
            </td>
            <td
              class="rc-table-cell rc-table-cell-fix-right rc-table-cell-fix-right-first"
              style="position: sticky; right: 0px;"
            >
              edd12221
            </td>
          </tr>
          <tr
            class="rc-table-row rc-table-row-level-0"
            data-row-key="3"
          >
            <td
              class="rc-table-cell rc-table-cell-fix-left"
              style="position: sticky; left: 0px;"
            >
              133
            </td>
            <td
              class="rc-table-cell rc-table-cell-fix-left rc-table-cell-fix-left-last rc-table-cell-ellipsis"
              style="position: sticky; left: 93px;"
              title="1111"
            >
              <span
                class="rc-table-cell-content"
              >
                <span>
                  1111
                </span>
              </span>
            </td>
            <td
              class="rc-table-cell"
            >
              edd12221
            </td>
            <td
              class="rc-table-cell"
            />
            <td
              class="rc-table-cell"
            />
            <td
              class="rc-table-cell"
            />
            <td
              class="rc-table-cell"
            />
            <td
              class="rc-table-cell"
            />
            <td
              class="rc-table-cell"
            />
            <td
              class="rc-table-cell"
            />
            <td
              class="rc-table-cell"
            />
            <td
              class="rc-table-cell rc-table-cell-fix-right rc-table-cell-fix-right-first"
              style="position: sticky; right: 0px;"
            />
          </tr>
          <tr
            class="rc-table-row rc-table-row-level-0"
            data-row-key="4"
          >
            <td
              class="rc-table-cell rc-table-cell-fix-left"
              style="position: sticky; left: 0px;"
            >
              133
            </td>
            <td
              class="rc-table-cell rc-table-cell-fix-left rc-table-cell-fix-left-last rc-table-cell-ellipsis"
              style="position: sticky; left: 93px;"
              title="1111"
            >
              <span
                class="rc-table-cell-content"
              >
                <span>
                  1111
                </span>
              </span>
            </td>
            <td
              class="rc-table-cell"
            >
              edd12221
            </td>
            <td
              class="rc-table-cell"
            />
            <td
              class="rc-table-cell"
            />
            <td
              class="rc-table-cell"
            />
            <td
              class="rc-table-cell"
            />
            <td
              class="rc-table-cell"
            />
            <td
              class="rc-table-cell"
            />
            <td
              class="rc-table-cell"
            />
            <td
              class="rc-table-cell"
            />
            <td
              class="rc-table-cell rc-table-cell-fix-right rc-table-cell-fix-right-first"
              style="position: sticky; right: 0px;"
            />
          </tr>
          <tr
            class="rc-table-row rc-table-row-level-0"
            data-row-key="5"
          >
            <td
              class="rc-table-cell rc-table-cell-fix-left"
              style="position: sticky; left: 0px;"
            >
              133
            </td>
            <td
              class="rc-table-cell rc-table-cell-fix-left rc-table-cell-fix-left-last rc-table-cell-ellipsis"
              style="position: sticky; left: 93px;"
              title="1111"
            >
              <span
                class="rc-table-cell-content"
              >
                <span>
                  1111
                </span>
              </span>
            </td>
            <td
              class="rc-table-cell"
            >
              edd12221
            </td>
            <td
              class="rc-table-cell"
            />
            <td
              class="rc-table-cell"
            />
            <td
              class="rc-table-cell"
            />
            <td
              class="rc-table-cell"
            />
            <td
              class="rc-table-cell"
            />
            <td
              class="rc-table-cell"
            />
            <td
              class="rc-table-cell"
            />
            <td
              class="rc-table-cell"
            />
            <td
              class="rc-table-cell rc-table-cell-fix-right rc-table-cell-fix-right-first"
              style="position: sticky; right: 0px;"
            />
          </tr>
          <tr
            class="rc-table-row rc-table-row-level-0"
            data-row-key="6"
          >
            <td
              class="rc-table-cell rc-table-cell-fix-left"
              style="position: sticky; left: 0px;"
            >
              133
            </td>
            <td
              class="rc-table-cell rc-table-cell-fix-left rc-table-cell-fix-left-last rc-table-cell-ellipsis"
              style="position: sticky; left: 93px;"
              title="1111"
            >
              <span
                class="rc-table-cell-content"
              >
                <span>
                  1111
                </span>
              </span>
            </td>
            <td
              class="rc-table-cell"
            >
              edd12221
            </td>
            <td
              class="rc-table-cell"
            />
            <td
              class="rc-table-cell"
            />
            <td
              class="rc-table-cell"
            />
            <td
              class="rc-table-cell"
            />
            <td
              class="rc-table-cell"
            />
            <td
              class="rc-table-cell"
            />
            <td
              class="rc-table-cell"
            />
            <td
              class="rc-table-cell"
            />
            <td
              class="rc-table-cell rc-table-cell-fix-right rc-table-cell-fix-right-first"
              style="position: sticky; right: 0px;"
            />
          </tr>
          <tr
            class="rc-table-row rc-table-row-level-0"
            data-row-key="7"
          >
            <td
              class="rc-table-cell rc-table-cell-fix-left"
              style="position: sticky; left: 0px;"
            >
              133
            </td>
            <td
              class="rc-table-cell rc-table-cell-fix-left rc-table-cell-fix-left-last rc-table-cell-ellipsis"
              style="position: sticky; left: 93px;"
              title="1111"
            >
              <span
                class="rc-table-cell-content"
              >
                <span>
                  1111
                </span>
              </span>
            </td>
            <td
              class="rc-table-cell"
            >
              edd12221
            </td>
            <td
              class="rc-table-cell"
            />
            <td
              class="rc-table-cell"
            />
            <td
              class="rc-table-cell"
            />
            <td
              class="rc-table-cell"
            />
            <td
              class="rc-table-cell"
            />
            <td
              class="rc-table-cell"
            />
            <td
              class="rc-table-cell"
            />
            <td
              class="rc-table-cell"
            />
            <td
              class="rc-table-cell rc-table-cell-fix-right rc-table-cell-fix-right-first"
              style="position: sticky; right: 0px;"
            />
          </tr>
          <tr
            class="rc-table-row rc-table-row-level-0"
            data-row-key="8"
          >
            <td
              class="rc-table-cell rc-table-cell-fix-left"
              style="position: sticky; left: 0px;"
            >
              133
            </td>
            <td
              class="rc-table-cell rc-table-cell-fix-left rc-table-cell-fix-left-last rc-table-cell-ellipsis"
              style="position: sticky; left: 93px;"
              title="1111"
            >
              <span
                class="rc-table-cell-content"
              >
                <span>
                  1111
                </span>
              </span>
            </td>
            <td
              class="rc-table-cell"
            >
              edd12221
            </td>
            <td
              class="rc-table-cell"
            />
            <td
              class="rc-table-cell"
            />
            <td
              class="rc-table-cell"
            />
            <td
              class="rc-table-cell"
            />
            <td
              class="rc-table-cell"
            />
            <td
              class="rc-table-cell"
            />
            <td
              class="rc-table-cell"
            />
            <td
              class="rc-table-cell"
            />
            <td
              class="rc-table-cell rc-table-cell-fix-right rc-table-cell-fix-right-first"
              style="position: sticky; right: 0px;"
            />
          </tr>
          <tr
            class="rc-table-row rc-table-row-level-0"
            data-row-key="9"
          >
            <td
              class="rc-table-cell rc-table-cell-fix-left"
              style="position: sticky; left: 0px;"
            >
              133
            </td>
            <td
              class="rc-table-cell rc-table-cell-fix-left rc-table-cell-fix-left-last rc-table-cell-ellipsis"
              style="position: sticky; left: 93px;"
              title="1111"
            >
              <span
                class="rc-table-cell-content"
              >
                <span>
                  1111
                </span>
              </span>
            </td>
            <td
              class="rc-table-cell"
            >
              edd12221
            </td>
            <td
              class="rc-table-cell"
            />
            <td
              class="rc-table-cell"
            />
            <td
              class="rc-table-cell"
            />
            <td
              class="rc-table-cell"
            />
            <td
              class="rc-table-cell"
            />
            <td
              class="rc-table-cell"
            />
            <td
              class="rc-table-cell"
            />
            <td
              class="rc-table-cell"
            />
            <td
              class="rc-table-cell rc-table-cell-fix-right rc-table-cell-fix-right-first"
              style="position: sticky; right: 0px;"
            />
          </tr>
        </tbody>
      </table>
    </div>
  </div>
</div>
`;

exports[`Table.FixedColumn renders correctly scrollXY - without data 1`] = `
<div
  class="rc-table rc-table-fixed-header rc-table-fixed-column rc-table-scroll-horizontal rc-table-has-fix-left rc-table-has-fix-right"
>
  <div
    class="rc-table-container"
  >
    <div
      class="rc-table-header"
      style="overflow: hidden;"
    >
      <table
        style="table-layout: fixed;"
      >
        <colgroup>
          <col
            style="width: 93px;"
          />
          <col
            style="width: 0px;"
          />
          <col
            style="width: 0px;"
          />
          <col
            style="width: 0px;"
          />
          <col
            style="width: 0px;"
          />
          <col
            style="width: 0px;"
          />
          <col
            style="width: 0px;"
          />
          <col
            style="width: 0px;"
          />
          <col
            style="width: 0px;"
          />
          <col
            style="width: 0px;"
          />
          <col
            style="width: 0px;"
          />
          <col
            style="width: 0px;"
          />
          <col
            style="width: 15px;"
          />
        </colgroup>
        <thead
          class="rc-table-thead"
        >
          <tr>
            <th
              class="rc-table-cell rc-table-cell-fix-left"
              style="position: sticky; left: 0px;"
            >
              title1
            </th>
            <th
              class="rc-table-cell rc-table-cell-fix-left rc-table-cell-fix-left-last rc-table-cell-ellipsis"
              style="position: sticky; left: 93px;"
              title="title2"
            >
              <span
                class="rc-table-cell-content"
              >
                title2
              </span>
            </th>
            <th
              class="rc-table-cell"
            >
              title3
            </th>
            <th
              class="rc-table-cell"
            >
              title4
            </th>
            <th
              class="rc-table-cell"
            >
              title5
            </th>
            <th
              class="rc-table-cell"
            >
              title6
            </th>
            <th
              class="rc-table-cell"
            >
              title7
            </th>
            <th
              class="rc-table-cell"
            >
              title8
            </th>
            <th
              class="rc-table-cell"
            >
              title9
            </th>
            <th
              class="rc-table-cell"
            >
              title10
            </th>
            <th
              class="rc-table-cell"
            >
              title11
            </th>
            <th
              class="rc-table-cell rc-table-cell-fix-right rc-table-cell-fix-right-first"
              style="position: sticky; right: 15px;"
            >
              title12
            </th>
            <th
              class="rc-table-cell rc-table-cell-fix-right rc-table-cell-scrollbar"
              style="position: sticky; right: 0px;"
            />
          </tr>
        </thead>
      </table>
    </div>
    <div
      class="rc-table-body"
      style="overflow-x: auto; overflow-y: scroll; max-height: 100px;"
    >
      <table
        style="width: 1200px; min-width: 100%; table-layout: fixed;"
      >
        <colgroup>
          <col
            style="width: 100px;"
          />
          <col
            style="width: 100px;"
          />
          <col />
          <col />
          <col />
          <col />
          <col />
          <col />
          <col />
          <col />
          <col />
          <col
            style="width: 100px;"
          />
        </colgroup>
        <tbody
          class="rc-table-tbody"
        >
          <tr
            aria-hidden="true"
            class="rc-table-measure-row"
            style="height: 0px; font-size: 0;"
          >
            <td
              style="padding: 0px; border: 0px; height: 0px;"
            >
              <div
                style="height: 0px; overflow: hidden;"
              >
                 
              </div>
            </td>
            <td
              style="padding: 0px; border: 0px; height: 0px;"
            >
              <div
                style="height: 0px; overflow: hidden;"
              >
                 
              </div>
            </td>
            <td
              style="padding: 0px; border: 0px; height: 0px;"
            >
              <div
                style="height: 0px; overflow: hidden;"
              >
                 
              </div>
            </td>
            <td
              style="padding: 0px; border: 0px; height: 0px;"
            >
              <div
                style="height: 0px; overflow: hidden;"
              >
                 
              </div>
            </td>
            <td
              style="padding: 0px; border: 0px; height: 0px;"
            >
              <div
                style="height: 0px; overflow: hidden;"
              >
                 
              </div>
            </td>
            <td
              style="padding: 0px; border: 0px; height: 0px;"
            >
              <div
                style="height: 0px; overflow: hidden;"
              >
                 
              </div>
            </td>
            <td
              style="padding: 0px; border: 0px; height: 0px;"
            >
              <div
                style="height: 0px; overflow: hidden;"
              >
                 
              </div>
            </td>
            <td
              style="padding: 0px; border: 0px; height: 0px;"
            >
              <div
                style="height: 0px; overflow: hidden;"
              >
                 
              </div>
            </td>
            <td
              style="padding: 0px; border: 0px; height: 0px;"
            >
              <div
                style="height: 0px; overflow: hidden;"
              >
                 
              </div>
            </td>
            <td
              style="padding: 0px; border: 0px; height: 0px;"
            >
              <div
                style="height: 0px; overflow: hidden;"
              >
                 
              </div>
            </td>
            <td
              style="padding: 0px; border: 0px; height: 0px;"
            >
              <div
                style="height: 0px; overflow: hidden;"
              >
                 
              </div>
            </td>
            <td
              style="padding: 0px; border: 0px; height: 0px;"
            >
              <div
                style="height: 0px; overflow: hidden;"
              >
                 
              </div>
            </td>
          </tr>
          <tr
            class="rc-table-placeholder"
          >
            <td
              class="rc-table-cell"
              colspan="12"
            >
              <div
                class="rc-table-expanded-row-fixed"
                style="width: -15px; position: sticky; left: 0px; overflow: hidden;"
              >
                No Data
              </div>
            </td>
          </tr>
        </tbody>
      </table>
    </div>
  </div>
</div>
`;
