// Vitest Snapshot v1, https://vitest.dev/guide/snapshot.html

exports[`Table.Summary > support data type 1`] = `
<tfoot
  class="rc-table-summary"
>
  <tr>
    <td
      class="rc-table-cell rc-table-cell-fix rc-table-cell-fix-start rc-table-cell-fix-start-shadow"
      colspan="2"
      style="inset-inline-start: 0; --z-offset: 6;"
    >
      Light
    </td>
    <td
      class="rc-table-cell"
    >
      Bamboo
    </td>
    <td
      class="rc-table-cell"
      style="text-align: right;"
    >
      112.5
    </td>
  </tr>
</tfoot>
`;
