// Jest Snapshot v1, https://goo.gl/fbAQLP

exports[`Table renders correctly 1`] = `
<div
  class="test-prefix test-class-name"
>
  <div
    class="test-prefix-content"
  >
    <table
      style="table-layout: auto;"
    >
      <colgroup>
        <col />
      </colgroup>
      <thead>
        <tr>
          <th
            class="test-prefix-cell"
            colspan="1"
            rowspan="1"
          >
            Name
          </th>
        </tr>
      </thead>
      <tbody>
        <tr
          class="test-prefix-row test-prefix-row-level-0"
        >
          <td
            class="test-prefix-cell"
          >
            Lucy
          </td>
        </tr>
        <tr
          class="test-prefix-row test-prefix-row-level-0"
        >
          <td
            class="test-prefix-cell"
          >
            Jack
          </td>
        </tr>
      </tbody>
    </table>
  </div>
</div>
`;
